------------------------------------------------------------
TimeQuest Timing Analyzer Summary
------------------------------------------------------------

Type  : Slow 1100mV 85C Model Setup 'clk_vga'
Slack : -13.350
TNS   : -321.733

Type  : Slow 1100mV 85C Model Setup 'CLOCK_50'
Slack : -4.478
TNS   : -1234.034

Type  : Slow 1100mV 85C Model Setup 'inst4|inst6|pll30mhz_inst|altera_pll_i|general[0].gpll~PLL_OUTPUT_COUNTER|divclk'
Slack : -4.182
TNS   : -4.182

Type  : Slow 1100mV 85C Model Setup 'clk_dram'
Slack : -3.336
TNS   : -117.186

Type  : Slow 1100mV 85C Model Setup 'inst3|NiosII|clocks|sys_pll|altera_pll_i|general[0].gpll~PLL_OUTPUT_COUNTER|divclk'
Slack : 8.947
TNS   : 0.000

Type  : Slow 1100mV 85C Model Setup 'altera_reserved_tck'
Slack : 11.297
TNS   : 0.000

Type  : Slow 1100mV 85C Model Setup 'scanner_control:inst8|Kbd_ctrl:Kbd_Controller|data_ready'
Slack : 11.367
TNS   : 0.000

Type  : Slow 1100mV 85C Model Setup 'scanner_control:inst8|Write_Kbd_To_Scope_LCD:Write_Kbd_To_LCD1|state[9]'
Slack : 13.161
TNS   : 0.000

Type  : Slow 1100mV 85C Model Setup 'scanner_control:inst8|doublesync:ps2c_doublsync|reg2'
Slack : 13.748
TNS   : 0.000

Type  : Slow 1100mV 85C Model Setup 'Graphics_and_Video_Controller:inst4|LCD_Controller:inst9|V_Clock'
Slack : 30.139
TNS   : 0.000

Type  : Slow 1100mV 85C Model Hold 'inst3|NiosII|clocks|sys_pll|altera_pll_i|general[0].gpll~PLL_OUTPUT_COUNTER|divclk'
Slack : -3.899
TNS   : -60.901

Type  : Slow 1100mV 85C Model Hold 'inst4|inst6|pll30mhz_inst|altera_pll_i|general[0].gpll~PLL_OUTPUT_COUNTER|divclk'
Slack : -0.219
TNS   : -0.219

Type  : Slow 1100mV 85C Model Hold 'CLOCK_50'
Slack : 0.153
TNS   : 0.000

Type  : Slow 1100mV 85C Model Hold 'altera_reserved_tck'
Slack : 0.237
TNS   : 0.000

Type  : Slow 1100mV 85C Model Hold 'scanner_control:inst8|Kbd_ctrl:Kbd_Controller|data_ready'
Slack : 0.279
TNS   : 0.000

Type  : Slow 1100mV 85C Model Hold 'scanner_control:inst8|doublesync:ps2c_doublsync|reg2'
Slack : 0.583
TNS   : 0.000

Type  : Slow 1100mV 85C Model Hold 'Graphics_and_Video_Controller:inst4|LCD_Controller:inst9|V_Clock'
Slack : 0.983
TNS   : 0.000

Type  : Slow 1100mV 85C Model Hold 'clk_vga'
Slack : 4.469
TNS   : 0.000

Type  : Slow 1100mV 85C Model Hold 'clk_dram'
Slack : 9.047
TNS   : 0.000

Type  : Slow 1100mV 85C Model Hold 'scanner_control:inst8|Write_Kbd_To_Scope_LCD:Write_Kbd_To_LCD1|state[9]'
Slack : 19.904
TNS   : 0.000

Type  : Slow 1100mV 85C Model Recovery 'scanner_control:inst8|doublesync:ps2c_doublsync|reg2'
Slack : 3.934
TNS   : 0.000

Type  : Slow 1100mV 85C Model Recovery 'scanner_control:inst8|Kbd_ctrl:Kbd_Controller|data_ready'
Slack : 5.205
TNS   : 0.000

Type  : Slow 1100mV 85C Model Recovery 'CLOCK_50'
Slack : 6.755
TNS   : 0.000

Type  : Slow 1100mV 85C Model Recovery 'altera_reserved_tck'
Slack : 14.425
TNS   : 0.000

Type  : Slow 1100mV 85C Model Recovery 'scanner_control:inst8|Write_Kbd_To_Scope_LCD:Write_Kbd_To_LCD1|state[5]'
Slack : 15.132
TNS   : 0.000

Type  : Slow 1100mV 85C Model Recovery 'inst3|NiosII|clocks|sys_pll|altera_pll_i|general[0].gpll~PLL_OUTPUT_COUNTER|divclk'
Slack : 15.407
TNS   : 0.000

Type  : Slow 1100mV 85C Model Removal 'CLOCK_50'
Slack : 0.390
TNS   : 0.000

Type  : Slow 1100mV 85C Model Removal 'inst3|NiosII|clocks|sys_pll|altera_pll_i|general[0].gpll~PLL_OUTPUT_COUNTER|divclk'
Slack : 0.578
TNS   : 0.000

Type  : Slow 1100mV 85C Model Removal 'altera_reserved_tck'
Slack : 0.976
TNS   : 0.000

Type  : Slow 1100mV 85C Model Removal 'scanner_control:inst8|Write_Kbd_To_Scope_LCD:Write_Kbd_To_LCD1|state[5]'
Slack : 3.053
TNS   : 0.000

Type  : Slow 1100mV 85C Model Removal 'scanner_control:inst8|doublesync:ps2c_doublsync|reg2'
Slack : 3.306
TNS   : 0.000

Type  : Slow 1100mV 85C Model Removal 'scanner_control:inst8|Kbd_ctrl:Kbd_Controller|data_ready'
Slack : 12.833
TNS   : 0.000

Type  : Slow 1100mV 85C Model Minimum Pulse Width 'inst3|NiosII|clocks|sys_pll|altera_pll_i|general[0].gpll~FRACTIONAL_PLL|vcoph[0]'
Slack : 1.000
TNS   : 0.000

Type  : Slow 1100mV 85C Model Minimum Pulse Width 'inst4|inst6|pll30mhz_inst|altera_pll_i|general[0].gpll~FRACTIONAL_PLL|vcoph[0]'
Slack : 1.666
TNS   : 0.000

Type  : Slow 1100mV 85C Model Minimum Pulse Width 'inst3|NiosII|clocks|sys_pll|altera_pll_i|general[0].gpll~PLL_OUTPUT_COUNTER|divclk'
Slack : 8.782
TNS   : 0.000

Type  : Slow 1100mV 85C Model Minimum Pulse Width 'CLOCK_50'
Slack : 8.852
TNS   : 0.000

Type  : Slow 1100mV 85C Model Minimum Pulse Width 'inst3|NiosII|clocks|sys_pll|altera_pll_i|general[1].gpll~PLL_OUTPUT_COUNTER|divclk'
Slack : 9.846
TNS   : 0.000

Type  : Slow 1100mV 85C Model Minimum Pulse Width 'altera_reserved_tck'
Slack : 15.722
TNS   : 0.000

Type  : Slow 1100mV 85C Model Minimum Pulse Width 'inst4|inst6|pll30mhz_inst|altera_pll_i|general[0].gpll~PLL_OUTPUT_COUNTER|divclk'
Slack : 15.855
TNS   : 0.000

Type  : Slow 1100mV 85C Model Minimum Pulse Width 'Graphics_and_Video_Controller:inst4|LCD_Controller:inst9|V_Clock'
Slack : 19.144
TNS   : 0.000

Type  : Slow 1100mV 85C Model Minimum Pulse Width 'scanner_control:inst8|Kbd_ctrl:Kbd_Controller|data_ready'
Slack : 19.271
TNS   : 0.000

Type  : Slow 1100mV 85C Model Minimum Pulse Width 'scanner_control:inst8|doublesync:ps2c_doublsync|reg2'
Slack : 19.295
TNS   : 0.000

Type  : Slow 1100mV 85C Model Minimum Pulse Width 'scanner_control:inst8|Write_Kbd_To_Scope_LCD:Write_Kbd_To_LCD1|state[9]'
Slack : 19.321
TNS   : 0.000

Type  : Slow 1100mV 85C Model Minimum Pulse Width 'scanner_control:inst8|Write_Kbd_To_Scope_LCD:Write_Kbd_To_LCD1|state[5]'
Slack : 19.388
TNS   : 0.000

Type  : Slow 1100mV 0C Model Setup 'clk_vga'
Slack : -13.121
TNS   : -315.608

Type  : Slow 1100mV 0C Model Setup 'CLOCK_50'
Slack : -4.314
TNS   : -639.291

Type  : Slow 1100mV 0C Model Setup 'inst4|inst6|pll30mhz_inst|altera_pll_i|general[0].gpll~PLL_OUTPUT_COUNTER|divclk'
Slack : -3.514
TNS   : -3.514

Type  : Slow 1100mV 0C Model Setup 'clk_dram'
Slack : -3.198
TNS   : -112.208

Type  : Slow 1100mV 0C Model Setup 'inst3|NiosII|clocks|sys_pll|altera_pll_i|general[0].gpll~PLL_OUTPUT_COUNTER|divclk'
Slack : 9.110
TNS   : 0.000

Type  : Slow 1100mV 0C Model Setup 'scanner_control:inst8|Kbd_ctrl:Kbd_Controller|data_ready'
Slack : 11.289
TNS   : 0.000

Type  : Slow 1100mV 0C Model Setup 'altera_reserved_tck'
Slack : 11.492
TNS   : 0.000

Type  : Slow 1100mV 0C Model Setup 'scanner_control:inst8|Write_Kbd_To_Scope_LCD:Write_Kbd_To_LCD1|state[9]'
Slack : 13.371
TNS   : 0.000

Type  : Slow 1100mV 0C Model Setup 'scanner_control:inst8|doublesync:ps2c_doublsync|reg2'
Slack : 13.727
TNS   : 0.000

Type  : Slow 1100mV 0C Model Setup 'Graphics_and_Video_Controller:inst4|LCD_Controller:inst9|V_Clock'
Slack : 30.412
TNS   : 0.000

Type  : Slow 1100mV 0C Model Hold 'inst3|NiosII|clocks|sys_pll|altera_pll_i|general[0].gpll~PLL_OUTPUT_COUNTER|divclk'
Slack : -4.195
TNS   : -65.607

Type  : Slow 1100mV 0C Model Hold 'inst4|inst6|pll30mhz_inst|altera_pll_i|general[0].gpll~PLL_OUTPUT_COUNTER|divclk'
Slack : -0.933
TNS   : -0.933

Type  : Slow 1100mV 0C Model Hold 'CLOCK_50'
Slack : -0.227
TNS   : -2.016

Type  : Slow 1100mV 0C Model Hold 'altera_reserved_tck'
Slack : 0.244
TNS   : 0.000

Type  : Slow 1100mV 0C Model Hold 'scanner_control:inst8|Kbd_ctrl:Kbd_Controller|data_ready'
Slack : 0.278
TNS   : 0.000

Type  : Slow 1100mV 0C Model Hold 'scanner_control:inst8|doublesync:ps2c_doublsync|reg2'
Slack : 0.614
TNS   : 0.000

Type  : Slow 1100mV 0C Model Hold 'Graphics_and_Video_Controller:inst4|LCD_Controller:inst9|V_Clock'
Slack : 0.964
TNS   : 0.000

Type  : Slow 1100mV 0C Model Hold 'clk_vga'
Slack : 4.030
TNS   : 0.000

Type  : Slow 1100mV 0C Model Hold 'clk_dram'
Slack : 8.988
TNS   : 0.000

Type  : Slow 1100mV 0C Model Hold 'scanner_control:inst8|Write_Kbd_To_Scope_LCD:Write_Kbd_To_LCD1|state[9]'
Slack : 19.902
TNS   : 0.000

Type  : Slow 1100mV 0C Model Recovery 'scanner_control:inst8|doublesync:ps2c_doublsync|reg2'
Slack : 4.101
TNS   : 0.000

Type  : Slow 1100mV 0C Model Recovery 'scanner_control:inst8|Kbd_ctrl:Kbd_Controller|data_ready'
Slack : 5.207
TNS   : 0.000

Type  : Slow 1100mV 0C Model Recovery 'CLOCK_50'
Slack : 6.839
TNS   : 0.000

Type  : Slow 1100mV 0C Model Recovery 'altera_reserved_tck'
Slack : 14.553
TNS   : 0.000

Type  : Slow 1100mV 0C Model Recovery 'scanner_control:inst8|Write_Kbd_To_Scope_LCD:Write_Kbd_To_LCD1|state[5]'
Slack : 15.339
TNS   : 0.000

Type  : Slow 1100mV 0C Model Recovery 'inst3|NiosII|clocks|sys_pll|altera_pll_i|general[0].gpll~PLL_OUTPUT_COUNTER|divclk'
Slack : 15.591
TNS   : 0.000

Type  : Slow 1100mV 0C Model Removal 'CLOCK_50'
Slack : 0.395
TNS   : 0.000

Type  : Slow 1100mV 0C Model Removal 'inst3|NiosII|clocks|sys_pll|altera_pll_i|general[0].gpll~PLL_OUTPUT_COUNTER|divclk'
Slack : 0.505
TNS   : 0.000

Type  : Slow 1100mV 0C Model Removal 'altera_reserved_tck'
Slack : 0.900
TNS   : 0.000

Type  : Slow 1100mV 0C Model Removal 'scanner_control:inst8|Write_Kbd_To_Scope_LCD:Write_Kbd_To_LCD1|state[5]'
Slack : 2.927
TNS   : 0.000

Type  : Slow 1100mV 0C Model Removal 'scanner_control:inst8|doublesync:ps2c_doublsync|reg2'
Slack : 3.216
TNS   : 0.000

Type  : Slow 1100mV 0C Model Removal 'scanner_control:inst8|Kbd_ctrl:Kbd_Controller|data_ready'
Slack : 12.890
TNS   : 0.000

Type  : Slow 1100mV 0C Model Minimum Pulse Width 'inst3|NiosII|clocks|sys_pll|altera_pll_i|general[0].gpll~FRACTIONAL_PLL|vcoph[0]'
Slack : 1.000
TNS   : 0.000

Type  : Slow 1100mV 0C Model Minimum Pulse Width 'inst4|inst6|pll30mhz_inst|altera_pll_i|general[0].gpll~FRACTIONAL_PLL|vcoph[0]'
Slack : 1.666
TNS   : 0.000

Type  : Slow 1100mV 0C Model Minimum Pulse Width 'inst3|NiosII|clocks|sys_pll|altera_pll_i|general[0].gpll~PLL_OUTPUT_COUNTER|divclk'
Slack : 8.756
TNS   : 0.000

Type  : Slow 1100mV 0C Model Minimum Pulse Width 'CLOCK_50'
Slack : 8.798
TNS   : 0.000

Type  : Slow 1100mV 0C Model Minimum Pulse Width 'inst3|NiosII|clocks|sys_pll|altera_pll_i|general[1].gpll~PLL_OUTPUT_COUNTER|divclk'
Slack : 9.814
TNS   : 0.000

Type  : Slow 1100mV 0C Model Minimum Pulse Width 'altera_reserved_tck'
Slack : 15.735
TNS   : 0.000

Type  : Slow 1100mV 0C Model Minimum Pulse Width 'inst4|inst6|pll30mhz_inst|altera_pll_i|general[0].gpll~PLL_OUTPUT_COUNTER|divclk'
Slack : 15.844
TNS   : 0.000

Type  : Slow 1100mV 0C Model Minimum Pulse Width 'Graphics_and_Video_Controller:inst4|LCD_Controller:inst9|V_Clock'
Slack : 19.131
TNS   : 0.000

Type  : Slow 1100mV 0C Model Minimum Pulse Width 'scanner_control:inst8|Kbd_ctrl:Kbd_Controller|data_ready'
Slack : 19.276
TNS   : 0.000

Type  : Slow 1100mV 0C Model Minimum Pulse Width 'scanner_control:inst8|Write_Kbd_To_Scope_LCD:Write_Kbd_To_LCD1|state[9]'
Slack : 19.329
TNS   : 0.000

Type  : Slow 1100mV 0C Model Minimum Pulse Width 'scanner_control:inst8|doublesync:ps2c_doublsync|reg2'
Slack : 19.343
TNS   : 0.000

Type  : Slow 1100mV 0C Model Minimum Pulse Width 'scanner_control:inst8|Write_Kbd_To_Scope_LCD:Write_Kbd_To_LCD1|state[5]'
Slack : 19.374
TNS   : 0.000

Type  : Fast 1100mV 85C Model Setup 'clk_vga'
Slack : -8.542
TNS   : -205.068

Type  : Fast 1100mV 85C Model Setup 'inst4|inst6|pll30mhz_inst|altera_pll_i|general[0].gpll~PLL_OUTPUT_COUNTER|divclk'
Slack : -3.432
TNS   : -3.432

Type  : Fast 1100mV 85C Model Setup 'CLOCK_50'
Slack : -1.017
TNS   : -4.627

Type  : Fast 1100mV 85C Model Setup 'clk_dram'
Slack : 1.536
TNS   : 0.000

Type  : Fast 1100mV 85C Model Setup 'inst3|NiosII|clocks|sys_pll|altera_pll_i|general[0].gpll~PLL_OUTPUT_COUNTER|divclk'
Slack : 8.962
TNS   : 0.000

Type  : Fast 1100mV 85C Model Setup 'altera_reserved_tck'
Slack : 13.608
TNS   : 0.000

Type  : Fast 1100mV 85C Model Setup 'scanner_control:inst8|Kbd_ctrl:Kbd_Controller|data_ready'
Slack : 14.833
TNS   : 0.000

Type  : Fast 1100mV 85C Model Setup 'scanner_control:inst8|Write_Kbd_To_Scope_LCD:Write_Kbd_To_LCD1|state[9]'
Slack : 15.357
TNS   : 0.000

Type  : Fast 1100mV 85C Model Setup 'scanner_control:inst8|doublesync:ps2c_doublsync|reg2'
Slack : 15.975
TNS   : 0.000

Type  : Fast 1100mV 85C Model Setup 'Graphics_and_Video_Controller:inst4|LCD_Controller:inst9|V_Clock'
Slack : 33.060
TNS   : 0.000

Type  : Fast 1100mV 85C Model Hold 'inst3|NiosII|clocks|sys_pll|altera_pll_i|general[0].gpll~PLL_OUTPUT_COUNTER|divclk'
Slack : -1.766
TNS   : -27.257

Type  : Fast 1100mV 85C Model Hold 'scanner_control:inst8|Kbd_ctrl:Kbd_Controller|data_ready'
Slack : -0.033
TNS   : -0.033

Type  : Fast 1100mV 85C Model Hold 'inst4|inst6|pll30mhz_inst|altera_pll_i|general[0].gpll~PLL_OUTPUT_COUNTER|divclk'
Slack : 0.041
TNS   : 0.000

Type  : Fast 1100mV 85C Model Hold 'altera_reserved_tck'
Slack : 0.064
TNS   : 0.000

Type  : Fast 1100mV 85C Model Hold 'CLOCK_50'
Slack : 0.082
TNS   : 0.000

Type  : Fast 1100mV 85C Model Hold 'scanner_control:inst8|doublesync:ps2c_doublsync|reg2'
Slack : 0.334
TNS   : 0.000

Type  : Fast 1100mV 85C Model Hold 'Graphics_and_Video_Controller:inst4|LCD_Controller:inst9|V_Clock'
Slack : 0.493
TNS   : 0.000

Type  : Fast 1100mV 85C Model Hold 'clk_vga'
Slack : 2.114
TNS   : 0.000

Type  : Fast 1100mV 85C Model Hold 'clk_dram'
Slack : 5.018
TNS   : 0.000

Type  : Fast 1100mV 85C Model Hold 'scanner_control:inst8|Write_Kbd_To_Scope_LCD:Write_Kbd_To_LCD1|state[9]'
Slack : 19.792
TNS   : 0.000

Type  : Fast 1100mV 85C Model Recovery 'scanner_control:inst8|doublesync:ps2c_doublsync|reg2'
Slack : 5.856
TNS   : 0.000

Type  : Fast 1100mV 85C Model Recovery 'scanner_control:inst8|Kbd_ctrl:Kbd_Controller|data_ready'
Slack : 6.726
TNS   : 0.000

Type  : Fast 1100mV 85C Model Recovery 'CLOCK_50'
Slack : 7.354
TNS   : 0.000

Type  : Fast 1100mV 85C Model Recovery 'altera_reserved_tck'
Slack : 15.487
TNS   : 0.000

Type  : Fast 1100mV 85C Model Recovery 'inst3|NiosII|clocks|sys_pll|altera_pll_i|general[0].gpll~PLL_OUTPUT_COUNTER|divclk'
Slack : 16.890
TNS   : 0.000

Type  : Fast 1100mV 85C Model Recovery 'scanner_control:inst8|Write_Kbd_To_Scope_LCD:Write_Kbd_To_LCD1|state[5]'
Slack : 17.134
TNS   : 0.000

Type  : Fast 1100mV 85C Model Removal 'CLOCK_50'
Slack : 0.244
TNS   : 0.000

Type  : Fast 1100mV 85C Model Removal 'inst3|NiosII|clocks|sys_pll|altera_pll_i|general[0].gpll~PLL_OUTPUT_COUNTER|divclk'
Slack : 0.418
TNS   : 0.000

Type  : Fast 1100mV 85C Model Removal 'altera_reserved_tck'
Slack : 0.481
TNS   : 0.000

Type  : Fast 1100mV 85C Model Removal 'scanner_control:inst8|Write_Kbd_To_Scope_LCD:Write_Kbd_To_LCD1|state[5]'
Slack : 1.505
TNS   : 0.000

Type  : Fast 1100mV 85C Model Removal 'scanner_control:inst8|doublesync:ps2c_doublsync|reg2'
Slack : 1.620
TNS   : 0.000

Type  : Fast 1100mV 85C Model Removal 'scanner_control:inst8|Kbd_ctrl:Kbd_Controller|data_ready'
Slack : 11.743
TNS   : 0.000

Type  : Fast 1100mV 85C Model Minimum Pulse Width 'inst3|NiosII|clocks|sys_pll|altera_pll_i|general[0].gpll~FRACTIONAL_PLL|vcoph[0]'
Slack : 1.000
TNS   : 0.000

Type  : Fast 1100mV 85C Model Minimum Pulse Width 'inst4|inst6|pll30mhz_inst|altera_pll_i|general[0].gpll~FRACTIONAL_PLL|vcoph[0]'
Slack : 1.666
TNS   : 0.000

Type  : Fast 1100mV 85C Model Minimum Pulse Width 'CLOCK_50'
Slack : 8.781
TNS   : 0.000

Type  : Fast 1100mV 85C Model Minimum Pulse Width 'inst3|NiosII|clocks|sys_pll|altera_pll_i|general[0].gpll~PLL_OUTPUT_COUNTER|divclk'
Slack : 8.890
TNS   : 0.000

Type  : Fast 1100mV 85C Model Minimum Pulse Width 'inst3|NiosII|clocks|sys_pll|altera_pll_i|general[1].gpll~PLL_OUTPUT_COUNTER|divclk'
Slack : 9.907
TNS   : 0.000

Type  : Fast 1100mV 85C Model Minimum Pulse Width 'altera_reserved_tck'
Slack : 15.693
TNS   : 0.000

Type  : Fast 1100mV 85C Model Minimum Pulse Width 'inst4|inst6|pll30mhz_inst|altera_pll_i|general[0].gpll~PLL_OUTPUT_COUNTER|divclk'
Slack : 16.203
TNS   : 0.000

Type  : Fast 1100mV 85C Model Minimum Pulse Width 'Graphics_and_Video_Controller:inst4|LCD_Controller:inst9|V_Clock'
Slack : 19.370
TNS   : 0.000

Type  : Fast 1100mV 85C Model Minimum Pulse Width 'scanner_control:inst8|Kbd_ctrl:Kbd_Controller|data_ready'
Slack : 19.501
TNS   : 0.000

Type  : Fast 1100mV 85C Model Minimum Pulse Width 'scanner_control:inst8|doublesync:ps2c_doublsync|reg2'
Slack : 19.538
TNS   : 0.000

Type  : Fast 1100mV 85C Model Minimum Pulse Width 'scanner_control:inst8|Write_Kbd_To_Scope_LCD:Write_Kbd_To_LCD1|state[9]'
Slack : 19.542
TNS   : 0.000

Type  : Fast 1100mV 85C Model Minimum Pulse Width 'scanner_control:inst8|Write_Kbd_To_Scope_LCD:Write_Kbd_To_LCD1|state[5]'
Slack : 19.628
TNS   : 0.000

Type  : Fast 1100mV 0C Model Setup 'clk_vga'
Slack : -7.989
TNS   : -192.170

Type  : Fast 1100mV 0C Model Setup 'inst4|inst6|pll30mhz_inst|altera_pll_i|general[0].gpll~PLL_OUTPUT_COUNTER|divclk'
Slack : -2.598
TNS   : -2.598

Type  : Fast 1100mV 0C Model Setup 'CLOCK_50'
Slack : -0.719
TNS   : -3.106

Type  : Fast 1100mV 0C Model Setup 'clk_dram'
Slack : 1.829
TNS   : 0.000

Type  : Fast 1100mV 0C Model Setup 'inst3|NiosII|clocks|sys_pll|altera_pll_i|general[0].gpll~PLL_OUTPUT_COUNTER|divclk'
Slack : 9.141
TNS   : 0.000

Type  : Fast 1100mV 0C Model Setup 'altera_reserved_tck'
Slack : 13.954
TNS   : 0.000

Type  : Fast 1100mV 0C Model Setup 'scanner_control:inst8|Kbd_ctrl:Kbd_Controller|data_ready'
Slack : 15.141
TNS   : 0.000

Type  : Fast 1100mV 0C Model Setup 'scanner_control:inst8|Write_Kbd_To_Scope_LCD:Write_Kbd_To_LCD1|state[9]'
Slack : 15.828
TNS   : 0.000

Type  : Fast 1100mV 0C Model Setup 'scanner_control:inst8|doublesync:ps2c_doublsync|reg2'
Slack : 16.219
TNS   : 0.000

Type  : Fast 1100mV 0C Model Setup 'Graphics_and_Video_Controller:inst4|LCD_Controller:inst9|V_Clock'
Slack : 33.879
TNS   : 0.000

Type  : Fast 1100mV 0C Model Hold 'inst3|NiosII|clocks|sys_pll|altera_pll_i|general[0].gpll~PLL_OUTPUT_COUNTER|divclk'
Slack : -2.214
TNS   : -34.424

Type  : Fast 1100mV 0C Model Hold 'inst4|inst6|pll30mhz_inst|altera_pll_i|general[0].gpll~PLL_OUTPUT_COUNTER|divclk'
Slack : -0.526
TNS   : -0.526

Type  : Fast 1100mV 0C Model Hold 'CLOCK_50'
Slack : -0.228
TNS   : -34.210

Type  : Fast 1100mV 0C Model Hold 'scanner_control:inst8|Kbd_ctrl:Kbd_Controller|data_ready'
Slack : -0.069
TNS   : -0.107

Type  : Fast 1100mV 0C Model Hold 'altera_reserved_tck'
Slack : 0.074
TNS   : 0.000

Type  : Fast 1100mV 0C Model Hold 'scanner_control:inst8|doublesync:ps2c_doublsync|reg2'
Slack : 0.329
TNS   : 0.000

Type  : Fast 1100mV 0C Model Hold 'Graphics_and_Video_Controller:inst4|LCD_Controller:inst9|V_Clock'
Slack : 0.446
TNS   : 0.000

Type  : Fast 1100mV 0C Model Hold 'clk_vga'
Slack : 1.714
TNS   : 0.000

Type  : Fast 1100mV 0C Model Hold 'clk_dram'
Slack : 4.792
TNS   : 0.000

Type  : Fast 1100mV 0C Model Hold 'scanner_control:inst8|Write_Kbd_To_Scope_LCD:Write_Kbd_To_LCD1|state[9]'
Slack : 19.787
TNS   : 0.000

Type  : Fast 1100mV 0C Model Recovery 'scanner_control:inst8|doublesync:ps2c_doublsync|reg2'
Slack : 6.122
TNS   : 0.000

Type  : Fast 1100mV 0C Model Recovery 'scanner_control:inst8|Kbd_ctrl:Kbd_Controller|data_ready'
Slack : 6.831
TNS   : 0.000

Type  : Fast 1100mV 0C Model Recovery 'CLOCK_50'
Slack : 7.546
TNS   : 0.000

Type  : Fast 1100mV 0C Model Recovery 'altera_reserved_tck'
Slack : 15.647
TNS   : 0.000

Type  : Fast 1100mV 0C Model Recovery 'inst3|NiosII|clocks|sys_pll|altera_pll_i|general[0].gpll~PLL_OUTPUT_COUNTER|divclk'
Slack : 17.248
TNS   : 0.000

Type  : Fast 1100mV 0C Model Recovery 'scanner_control:inst8|Write_Kbd_To_Scope_LCD:Write_Kbd_To_LCD1|state[5]'
Slack : 17.260
TNS   : 0.000

Type  : Fast 1100mV 0C Model Removal 'CLOCK_50'
Slack : 0.231
TNS   : 0.000

Type  : Fast 1100mV 0C Model Removal 'inst3|NiosII|clocks|sys_pll|altera_pll_i|general[0].gpll~PLL_OUTPUT_COUNTER|divclk'
Slack : 0.341
TNS   : 0.000

Type  : Fast 1100mV 0C Model Removal 'altera_reserved_tck'
Slack : 0.418
TNS   : 0.000

Type  : Fast 1100mV 0C Model Removal 'scanner_control:inst8|Write_Kbd_To_Scope_LCD:Write_Kbd_To_LCD1|state[5]'
Slack : 1.423
TNS   : 0.000

Type  : Fast 1100mV 0C Model Removal 'scanner_control:inst8|doublesync:ps2c_doublsync|reg2'
Slack : 1.537
TNS   : 0.000

Type  : Fast 1100mV 0C Model Removal 'scanner_control:inst8|Kbd_ctrl:Kbd_Controller|data_ready'
Slack : 11.724
TNS   : 0.000

Type  : Fast 1100mV 0C Model Minimum Pulse Width 'inst3|NiosII|clocks|sys_pll|altera_pll_i|general[0].gpll~FRACTIONAL_PLL|vcoph[0]'
Slack : 1.000
TNS   : 0.000

Type  : Fast 1100mV 0C Model Minimum Pulse Width 'inst4|inst6|pll30mhz_inst|altera_pll_i|general[0].gpll~FRACTIONAL_PLL|vcoph[0]'
Slack : 1.666
TNS   : 0.000

Type  : Fast 1100mV 0C Model Minimum Pulse Width 'CLOCK_50'
Slack : 8.776
TNS   : 0.000

Type  : Fast 1100mV 0C Model Minimum Pulse Width 'inst3|NiosII|clocks|sys_pll|altera_pll_i|general[0].gpll~PLL_OUTPUT_COUNTER|divclk'
Slack : 8.887
TNS   : 0.000

Type  : Fast 1100mV 0C Model Minimum Pulse Width 'inst3|NiosII|clocks|sys_pll|altera_pll_i|general[1].gpll~PLL_OUTPUT_COUNTER|divclk'
Slack : 9.903
TNS   : 0.000

Type  : Fast 1100mV 0C Model Minimum Pulse Width 'altera_reserved_tck'
Slack : 15.725
TNS   : 0.000

Type  : Fast 1100mV 0C Model Minimum Pulse Width 'inst4|inst6|pll30mhz_inst|altera_pll_i|general[0].gpll~PLL_OUTPUT_COUNTER|divclk'
Slack : 16.200
TNS   : 0.000

Type  : Fast 1100mV 0C Model Minimum Pulse Width 'Graphics_and_Video_Controller:inst4|LCD_Controller:inst9|V_Clock'
Slack : 19.405
TNS   : 0.000

Type  : Fast 1100mV 0C Model Minimum Pulse Width 'scanner_control:inst8|Kbd_ctrl:Kbd_Controller|data_ready'
Slack : 19.532
TNS   : 0.000

Type  : Fast 1100mV 0C Model Minimum Pulse Width 'scanner_control:inst8|doublesync:ps2c_doublsync|reg2'
Slack : 19.548
TNS   : 0.000

Type  : Fast 1100mV 0C Model Minimum Pulse Width 'scanner_control:inst8|Write_Kbd_To_Scope_LCD:Write_Kbd_To_LCD1|state[9]'
Slack : 19.570
TNS   : 0.000

Type  : Fast 1100mV 0C Model Minimum Pulse Width 'scanner_control:inst8|Write_Kbd_To_Scope_LCD:Write_Kbd_To_LCD1|state[5]'
Slack : 19.630
TNS   : 0.000

------------------------------------------------------------
