------------------------------------------------------------
TimeQuest Timing Analyzer Summary
------------------------------------------------------------

Type  : Slow 1100mV 85C Model Setup 'clk_vga'
Slack : -13.670
TNS   : -327.640

Type  : Slow 1100mV 85C Model Setup 'CLOCK_50'
Slack : -4.486
TNS   : -965.786

Type  : Slow 1100mV 85C Model Setup 'inst4|inst6|pll30mhz_inst|altera_pll_i|general[0].gpll~PLL_OUTPUT_COUNTER|divclk'
Slack : -4.394
TNS   : -4.394

Type  : Slow 1100mV 85C Model Setup 'clk_dram'
Slack : -3.336
TNS   : -117.191

Type  : Slow 1100mV 85C Model Setup 'inst3|NiosII|clocks|sys_pll|altera_pll_i|general[0].gpll~PLL_OUTPUT_COUNTER|divclk'
Slack : 6.995
TNS   : 0.000

Type  : Slow 1100mV 85C Model Setup 'altera_reserved_tck'
Slack : 11.437
TNS   : 0.000

Type  : Slow 1100mV 85C Model Setup 'Graphics_and_Video_Controller:inst4|LCD_Controller:inst9|V_Clock'
Slack : 28.502
TNS   : 0.000

Type  : Slow 1100mV 85C Model Hold 'inst3|NiosII|clocks|sys_pll|altera_pll_i|general[0].gpll~PLL_OUTPUT_COUNTER|divclk'
Slack : -3.902
TNS   : -60.901

Type  : Slow 1100mV 85C Model Hold 'inst4|inst6|pll30mhz_inst|altera_pll_i|general[0].gpll~PLL_OUTPUT_COUNTER|divclk'
Slack : -0.191
TNS   : -0.191

Type  : Slow 1100mV 85C Model Hold 'CLOCK_50'
Slack : 0.216
TNS   : 0.000

Type  : Slow 1100mV 85C Model Hold 'altera_reserved_tck'
Slack : 0.279
TNS   : 0.000

Type  : Slow 1100mV 85C Model Hold 'Graphics_and_Video_Controller:inst4|LCD_Controller:inst9|V_Clock'
Slack : 1.457
TNS   : 0.000

Type  : Slow 1100mV 85C Model Hold 'clk_vga'
Slack : 3.026
TNS   : 0.000

Type  : Slow 1100mV 85C Model Hold 'clk_dram'
Slack : 9.047
TNS   : 0.000

Type  : Slow 1100mV 85C Model Recovery 'altera_reserved_tck'
Slack : 14.314
TNS   : 0.000

Type  : Slow 1100mV 85C Model Recovery 'inst3|NiosII|clocks|sys_pll|altera_pll_i|general[0].gpll~PLL_OUTPUT_COUNTER|divclk'
Slack : 14.685
TNS   : 0.000

Type  : Slow 1100mV 85C Model Recovery 'CLOCK_50'
Slack : 16.020
TNS   : 0.000

Type  : Slow 1100mV 85C Model Removal 'inst3|NiosII|clocks|sys_pll|altera_pll_i|general[0].gpll~PLL_OUTPUT_COUNTER|divclk'
Slack : 0.221
TNS   : 0.000

Type  : Slow 1100mV 85C Model Removal 'CLOCK_50'
Slack : 0.393
TNS   : 0.000

Type  : Slow 1100mV 85C Model Removal 'altera_reserved_tck'
Slack : 0.789
TNS   : 0.000

Type  : Slow 1100mV 85C Model Minimum Pulse Width 'inst3|NiosII|clocks|sys_pll|altera_pll_i|general[0].gpll~FRACTIONAL_PLL|vcoph[0]'
Slack : 1.000
TNS   : 0.000

Type  : Slow 1100mV 85C Model Minimum Pulse Width 'inst4|inst6|pll30mhz_inst|altera_pll_i|general[0].gpll~FRACTIONAL_PLL|vcoph[0]'
Slack : 1.666
TNS   : 0.000

Type  : Slow 1100mV 85C Model Minimum Pulse Width 'inst3|NiosII|clocks|sys_pll|altera_pll_i|general[0].gpll~PLL_OUTPUT_COUNTER|divclk'
Slack : 8.782
TNS   : 0.000

Type  : Slow 1100mV 85C Model Minimum Pulse Width 'CLOCK_50'
Slack : 8.857
TNS   : 0.000

Type  : Slow 1100mV 85C Model Minimum Pulse Width 'inst3|NiosII|clocks|sys_pll|altera_pll_i|general[1].gpll~PLL_OUTPUT_COUNTER|divclk'
Slack : 9.846
TNS   : 0.000

Type  : Slow 1100mV 85C Model Minimum Pulse Width 'altera_reserved_tck'
Slack : 15.828
TNS   : 0.000

Type  : Slow 1100mV 85C Model Minimum Pulse Width 'inst4|inst6|pll30mhz_inst|altera_pll_i|general[0].gpll~PLL_OUTPUT_COUNTER|divclk'
Slack : 15.862
TNS   : 0.000

Type  : Slow 1100mV 85C Model Minimum Pulse Width 'Graphics_and_Video_Controller:inst4|LCD_Controller:inst9|V_Clock'
Slack : 19.341
TNS   : 0.000

Type  : Slow 1100mV 0C Model Setup 'clk_vga'
Slack : -13.418
TNS   : -321.574

Type  : Slow 1100mV 0C Model Setup 'CLOCK_50'
Slack : -4.323
TNS   : -412.592

Type  : Slow 1100mV 0C Model Setup 'inst4|inst6|pll30mhz_inst|altera_pll_i|general[0].gpll~PLL_OUTPUT_COUNTER|divclk'
Slack : -3.788
TNS   : -3.788

Type  : Slow 1100mV 0C Model Setup 'clk_dram'
Slack : -3.198
TNS   : -112.219

Type  : Slow 1100mV 0C Model Setup 'inst3|NiosII|clocks|sys_pll|altera_pll_i|general[0].gpll~PLL_OUTPUT_COUNTER|divclk'
Slack : 7.215
TNS   : 0.000

Type  : Slow 1100mV 0C Model Setup 'altera_reserved_tck'
Slack : 11.524
TNS   : 0.000

Type  : Slow 1100mV 0C Model Setup 'Graphics_and_Video_Controller:inst4|LCD_Controller:inst9|V_Clock'
Slack : 28.960
TNS   : 0.000

Type  : Slow 1100mV 0C Model Hold 'inst3|NiosII|clocks|sys_pll|altera_pll_i|general[0].gpll~PLL_OUTPUT_COUNTER|divclk'
Slack : -4.198
TNS   : -65.603

Type  : Slow 1100mV 0C Model Hold 'inst4|inst6|pll30mhz_inst|altera_pll_i|general[0].gpll~PLL_OUTPUT_COUNTER|divclk'
Slack : -0.781
TNS   : -0.781

Type  : Slow 1100mV 0C Model Hold 'CLOCK_50'
Slack : 0.129
TNS   : 0.000

Type  : Slow 1100mV 0C Model Hold 'altera_reserved_tck'
Slack : 0.278
TNS   : 0.000

Type  : Slow 1100mV 0C Model Hold 'Graphics_and_Video_Controller:inst4|LCD_Controller:inst9|V_Clock'
Slack : 1.407
TNS   : 0.000

Type  : Slow 1100mV 0C Model Hold 'clk_vga'
Slack : 2.798
TNS   : 0.000

Type  : Slow 1100mV 0C Model Hold 'clk_dram'
Slack : 8.988
TNS   : 0.000

Type  : Slow 1100mV 0C Model Recovery 'altera_reserved_tck'
Slack : 14.393
TNS   : 0.000

Type  : Slow 1100mV 0C Model Recovery 'inst3|NiosII|clocks|sys_pll|altera_pll_i|general[0].gpll~PLL_OUTPUT_COUNTER|divclk'
Slack : 14.924
TNS   : 0.000

Type  : Slow 1100mV 0C Model Recovery 'CLOCK_50'
Slack : 16.237
TNS   : 0.000

Type  : Slow 1100mV 0C Model Removal 'inst3|NiosII|clocks|sys_pll|altera_pll_i|general[0].gpll~PLL_OUTPUT_COUNTER|divclk'
Slack : 0.149
TNS   : 0.000

Type  : Slow 1100mV 0C Model Removal 'CLOCK_50'
Slack : 0.395
TNS   : 0.000

Type  : Slow 1100mV 0C Model Removal 'altera_reserved_tck'
Slack : 0.716
TNS   : 0.000

Type  : Slow 1100mV 0C Model Minimum Pulse Width 'inst3|NiosII|clocks|sys_pll|altera_pll_i|general[0].gpll~FRACTIONAL_PLL|vcoph[0]'
Slack : 1.000
TNS   : 0.000

Type  : Slow 1100mV 0C Model Minimum Pulse Width 'inst4|inst6|pll30mhz_inst|altera_pll_i|general[0].gpll~FRACTIONAL_PLL|vcoph[0]'
Slack : 1.666
TNS   : 0.000

Type  : Slow 1100mV 0C Model Minimum Pulse Width 'inst3|NiosII|clocks|sys_pll|altera_pll_i|general[0].gpll~PLL_OUTPUT_COUNTER|divclk'
Slack : 8.760
TNS   : 0.000

Type  : Slow 1100mV 0C Model Minimum Pulse Width 'CLOCK_50'
Slack : 8.806
TNS   : 0.000

Type  : Slow 1100mV 0C Model Minimum Pulse Width 'inst3|NiosII|clocks|sys_pll|altera_pll_i|general[1].gpll~PLL_OUTPUT_COUNTER|divclk'
Slack : 9.814
TNS   : 0.000

Type  : Slow 1100mV 0C Model Minimum Pulse Width 'altera_reserved_tck'
Slack : 15.823
TNS   : 0.000

Type  : Slow 1100mV 0C Model Minimum Pulse Width 'inst4|inst6|pll30mhz_inst|altera_pll_i|general[0].gpll~PLL_OUTPUT_COUNTER|divclk'
Slack : 15.847
TNS   : 0.000

Type  : Slow 1100mV 0C Model Minimum Pulse Width 'Graphics_and_Video_Controller:inst4|LCD_Controller:inst9|V_Clock'
Slack : 19.331
TNS   : 0.000

Type  : Fast 1100mV 85C Model Setup 'clk_vga'
Slack : -8.507
TNS   : -204.592

Type  : Fast 1100mV 85C Model Setup 'inst4|inst6|pll30mhz_inst|altera_pll_i|general[0].gpll~PLL_OUTPUT_COUNTER|divclk'
Slack : -3.530
TNS   : -3.530

Type  : Fast 1100mV 85C Model Setup 'CLOCK_50'
Slack : -0.970
TNS   : -4.806

Type  : Fast 1100mV 85C Model Setup 'clk_dram'
Slack : 1.536
TNS   : 0.000

Type  : Fast 1100mV 85C Model Setup 'inst3|NiosII|clocks|sys_pll|altera_pll_i|general[0].gpll~PLL_OUTPUT_COUNTER|divclk'
Slack : 7.590
TNS   : 0.000

Type  : Fast 1100mV 85C Model Setup 'altera_reserved_tck'
Slack : 13.649
TNS   : 0.000

Type  : Fast 1100mV 85C Model Setup 'Graphics_and_Video_Controller:inst4|LCD_Controller:inst9|V_Clock'
Slack : 32.123
TNS   : 0.000

Type  : Fast 1100mV 85C Model Hold 'inst3|NiosII|clocks|sys_pll|altera_pll_i|general[0].gpll~PLL_OUTPUT_COUNTER|divclk'
Slack : -1.768
TNS   : -27.258

Type  : Fast 1100mV 85C Model Hold 'altera_reserved_tck'
Slack : 0.096
TNS   : 0.000

Type  : Fast 1100mV 85C Model Hold 'inst4|inst6|pll30mhz_inst|altera_pll_i|general[0].gpll~PLL_OUTPUT_COUNTER|divclk'
Slack : 0.126
TNS   : 0.000

Type  : Fast 1100mV 85C Model Hold 'CLOCK_50'
Slack : 0.139
TNS   : 0.000

Type  : Fast 1100mV 85C Model Hold 'Graphics_and_Video_Controller:inst4|LCD_Controller:inst9|V_Clock'
Slack : 0.758
TNS   : 0.000

Type  : Fast 1100mV 85C Model Hold 'clk_vga'
Slack : 1.218
TNS   : 0.000

Type  : Fast 1100mV 85C Model Hold 'clk_dram'
Slack : 5.018
TNS   : 0.000

Type  : Fast 1100mV 85C Model Recovery 'altera_reserved_tck'
Slack : 15.419
TNS   : 0.000

Type  : Fast 1100mV 85C Model Recovery 'inst3|NiosII|clocks|sys_pll|altera_pll_i|general[0].gpll~PLL_OUTPUT_COUNTER|divclk'
Slack : 16.286
TNS   : 0.000

Type  : Fast 1100mV 85C Model Recovery 'CLOCK_50'
Slack : 17.285
TNS   : 0.000

Type  : Fast 1100mV 85C Model Removal 'inst3|NiosII|clocks|sys_pll|altera_pll_i|general[0].gpll~PLL_OUTPUT_COUNTER|divclk'
Slack : 0.194
TNS   : 0.000

Type  : Fast 1100mV 85C Model Removal 'CLOCK_50'
Slack : 0.246
TNS   : 0.000

Type  : Fast 1100mV 85C Model Removal 'altera_reserved_tck'
Slack : 0.359
TNS   : 0.000

Type  : Fast 1100mV 85C Model Minimum Pulse Width 'inst3|NiosII|clocks|sys_pll|altera_pll_i|general[0].gpll~FRACTIONAL_PLL|vcoph[0]'
Slack : 1.000
TNS   : 0.000

Type  : Fast 1100mV 85C Model Minimum Pulse Width 'inst4|inst6|pll30mhz_inst|altera_pll_i|general[0].gpll~FRACTIONAL_PLL|vcoph[0]'
Slack : 1.666
TNS   : 0.000

Type  : Fast 1100mV 85C Model Minimum Pulse Width 'CLOCK_50'
Slack : 8.782
TNS   : 0.000

Type  : Fast 1100mV 85C Model Minimum Pulse Width 'inst3|NiosII|clocks|sys_pll|altera_pll_i|general[0].gpll~PLL_OUTPUT_COUNTER|divclk'
Slack : 8.891
TNS   : 0.000

Type  : Fast 1100mV 85C Model Minimum Pulse Width 'inst3|NiosII|clocks|sys_pll|altera_pll_i|general[1].gpll~PLL_OUTPUT_COUNTER|divclk'
Slack : 9.907
TNS   : 0.000

Type  : Fast 1100mV 85C Model Minimum Pulse Width 'altera_reserved_tck'
Slack : 15.787
TNS   : 0.000

Type  : Fast 1100mV 85C Model Minimum Pulse Width 'inst4|inst6|pll30mhz_inst|altera_pll_i|general[0].gpll~PLL_OUTPUT_COUNTER|divclk'
Slack : 16.208
TNS   : 0.000

Type  : Fast 1100mV 85C Model Minimum Pulse Width 'Graphics_and_Video_Controller:inst4|LCD_Controller:inst9|V_Clock'
Slack : 19.540
TNS   : 0.000

Type  : Fast 1100mV 0C Model Setup 'clk_vga'
Slack : -7.956
TNS   : -192.126

Type  : Fast 1100mV 0C Model Setup 'inst4|inst6|pll30mhz_inst|altera_pll_i|general[0].gpll~PLL_OUTPUT_COUNTER|divclk'
Slack : -2.728
TNS   : -2.728

Type  : Fast 1100mV 0C Model Setup 'CLOCK_50'
Slack : -0.685
TNS   : -3.157

Type  : Fast 1100mV 0C Model Setup 'clk_dram'
Slack : 1.829
TNS   : 0.000

Type  : Fast 1100mV 0C Model Setup 'inst3|NiosII|clocks|sys_pll|altera_pll_i|general[0].gpll~PLL_OUTPUT_COUNTER|divclk'
Slack : 7.969
TNS   : 0.000

Type  : Fast 1100mV 0C Model Setup 'altera_reserved_tck'
Slack : 13.972
TNS   : 0.000

Type  : Fast 1100mV 0C Model Setup 'Graphics_and_Video_Controller:inst4|LCD_Controller:inst9|V_Clock'
Slack : 33.095
TNS   : 0.000

Type  : Fast 1100mV 0C Model Hold 'inst3|NiosII|clocks|sys_pll|altera_pll_i|general[0].gpll~PLL_OUTPUT_COUNTER|divclk'
Slack : -2.216
TNS   : -34.422

Type  : Fast 1100mV 0C Model Hold 'inst4|inst6|pll30mhz_inst|altera_pll_i|general[0].gpll~PLL_OUTPUT_COUNTER|divclk'
Slack : -0.388
TNS   : -0.388

Type  : Fast 1100mV 0C Model Hold 'CLOCK_50'
Slack : -0.039
TNS   : -0.101

Type  : Fast 1100mV 0C Model Hold 'altera_reserved_tck'
Slack : 0.078
TNS   : 0.000

Type  : Fast 1100mV 0C Model Hold 'Graphics_and_Video_Controller:inst4|LCD_Controller:inst9|V_Clock'
Slack : 0.703
TNS   : 0.000

Type  : Fast 1100mV 0C Model Hold 'clk_vga'
Slack : 0.979
TNS   : 0.000

Type  : Fast 1100mV 0C Model Hold 'clk_dram'
Slack : 4.792
TNS   : 0.000

Type  : Fast 1100mV 0C Model Recovery 'altera_reserved_tck'
Slack : 15.580
TNS   : 0.000

Type  : Fast 1100mV 0C Model Recovery 'inst3|NiosII|clocks|sys_pll|altera_pll_i|general[0].gpll~PLL_OUTPUT_COUNTER|divclk'
Slack : 16.758
TNS   : 0.000

Type  : Fast 1100mV 0C Model Recovery 'CLOCK_50'
Slack : 17.614
TNS   : 0.000

Type  : Fast 1100mV 0C Model Removal 'inst3|NiosII|clocks|sys_pll|altera_pll_i|general[0].gpll~PLL_OUTPUT_COUNTER|divclk'
Slack : 0.135
TNS   : 0.000

Type  : Fast 1100mV 0C Model Removal 'CLOCK_50'
Slack : 0.233
TNS   : 0.000

Type  : Fast 1100mV 0C Model Removal 'altera_reserved_tck'
Slack : 0.305
TNS   : 0.000

Type  : Fast 1100mV 0C Model Minimum Pulse Width 'inst3|NiosII|clocks|sys_pll|altera_pll_i|general[0].gpll~FRACTIONAL_PLL|vcoph[0]'
Slack : 1.000
TNS   : 0.000

Type  : Fast 1100mV 0C Model Minimum Pulse Width 'inst4|inst6|pll30mhz_inst|altera_pll_i|general[0].gpll~FRACTIONAL_PLL|vcoph[0]'
Slack : 1.666
TNS   : 0.000

Type  : Fast 1100mV 0C Model Minimum Pulse Width 'CLOCK_50'
Slack : 8.777
TNS   : 0.000

Type  : Fast 1100mV 0C Model Minimum Pulse Width 'inst3|NiosII|clocks|sys_pll|altera_pll_i|general[0].gpll~PLL_OUTPUT_COUNTER|divclk'
Slack : 8.889
TNS   : 0.000

Type  : Fast 1100mV 0C Model Minimum Pulse Width 'inst3|NiosII|clocks|sys_pll|altera_pll_i|general[1].gpll~PLL_OUTPUT_COUNTER|divclk'
Slack : 9.903
TNS   : 0.000

Type  : Fast 1100mV 0C Model Minimum Pulse Width 'altera_reserved_tck'
Slack : 15.802
TNS   : 0.000

Type  : Fast 1100mV 0C Model Minimum Pulse Width 'inst4|inst6|pll30mhz_inst|altera_pll_i|general[0].gpll~PLL_OUTPUT_COUNTER|divclk'
Slack : 16.203
TNS   : 0.000

Type  : Fast 1100mV 0C Model Minimum Pulse Width 'Graphics_and_Video_Controller:inst4|LCD_Controller:inst9|V_Clock'
Slack : 19.553
TNS   : 0.000

------------------------------------------------------------
