Archive member included to satisfy reference by file (symbol)

c:/altera/15.0/nios2eds/bin/gnu/h-x86_64-mingw32/bin/../lib/gcc/nios2-elf/4.9.1/mno-hw-mul\libgcc.a(lib2-divmod.o)
                              obj/default/graphics.o (__modsi3)
c:/altera/15.0/nios2eds/bin/gnu/h-x86_64-mingw32/bin/../lib/gcc/nios2-elf/4.9.1/mno-hw-mul\libgcc.a(lib2-mul.o)
                              obj/default/KeyPad.o (__mulsi3)
c:/altera/15.0/nios2eds/bin/gnu/h-x86_64-mingw32/bin/../lib/gcc/nios2-elf/4.9.1/mno-hw-mul\libgcc.a(muldf3.o)
                              obj/default/hello_world.o (__muldf3)
c:/altera/15.0/nios2eds/bin/gnu/h-x86_64-mingw32/bin/../lib/gcc/nios2-elf/4.9.1/mno-hw-mul\libgcc.a(fixdfsi.o)
                              obj/default/hello_world.o (__fixdfsi)
c:/altera/15.0/nios2eds/bin/gnu/h-x86_64-mingw32/bin/../lib/gcc/nios2-elf/4.9.1/mno-hw-mul\libgcc.a(floatsidf.o)
                              obj/default/hello_world.o (__floatsidf)
c:/altera/15.0/nios2eds/bin/gnu/h-x86_64-mingw32/bin/../lib/gcc/nios2-elf/4.9.1/mno-hw-mul\libgcc.a(_clzsi2.o)
                              c:/altera/15.0/nios2eds/bin/gnu/h-x86_64-mingw32/bin/../lib/gcc/nios2-elf/4.9.1/mno-hw-mul\libgcc.a(muldf3.o) (__clzsi2)
c:/altera/15.0/nios2eds/bin/gnu/h-x86_64-mingw32/bin/../lib/gcc/nios2-elf/4.9.1/mno-hw-mul\libgcc.a(_clz.o)
                              c:/altera/15.0/nios2eds/bin/gnu/h-x86_64-mingw32/bin/../lib/gcc/nios2-elf/4.9.1/mno-hw-mul\libgcc.a(_clzsi2.o) (__clz_tab)
c:/altera/15.0/nios2eds/bin/gnu/h-x86_64-mingw32/bin/../lib/gcc/nios2-elf/4.9.1/../../../../../H-x86_64-mingw32/nios2-elf/lib/mno-hw-mul\libc.a(lib_a-atoi.o)
                              obj/default/hello_world.o (atoi)
c:/altera/15.0/nios2eds/bin/gnu/h-x86_64-mingw32/bin/../lib/gcc/nios2-elf/4.9.1/../../../../../H-x86_64-mingw32/nios2-elf/lib/mno-hw-mul\libc.a(lib_a-malloc.o)
                              obj/default/TouchscreenKeypress.o (malloc)
c:/altera/15.0/nios2eds/bin/gnu/h-x86_64-mingw32/bin/../lib/gcc/nios2-elf/4.9.1/../../../../../H-x86_64-mingw32/nios2-elf/lib/mno-hw-mul\libc.a(lib_a-mallocr.o)
                              c:/altera/15.0/nios2eds/bin/gnu/h-x86_64-mingw32/bin/../lib/gcc/nios2-elf/4.9.1/../../../../../H-x86_64-mingw32/nios2-elf/lib/mno-hw-mul\libc.a(lib_a-malloc.o) (_malloc_r)
c:/altera/15.0/nios2eds/bin/gnu/h-x86_64-mingw32/bin/../lib/gcc/nios2-elf/4.9.1/../../../../../H-x86_64-mingw32/nios2-elf/lib/mno-hw-mul\libc.a(lib_a-printf.o)
                              obj/default/GPS.o (printf)
c:/altera/15.0/nios2eds/bin/gnu/h-x86_64-mingw32/bin/../lib/gcc/nios2-elf/4.9.1/../../../../../H-x86_64-mingw32/nios2-elf/lib/mno-hw-mul\libc.a(lib_a-putchar.o)
                              obj/default/GPS.o (putchar)
c:/altera/15.0/nios2eds/bin/gnu/h-x86_64-mingw32/bin/../lib/gcc/nios2-elf/4.9.1/../../../../../H-x86_64-mingw32/nios2-elf/lib/mno-hw-mul\libc.a(lib_a-puts.o)
                              obj/default/GPS.o (puts)
c:/altera/15.0/nios2eds/bin/gnu/h-x86_64-mingw32/bin/../lib/gcc/nios2-elf/4.9.1/../../../../../H-x86_64-mingw32/nios2-elf/lib/mno-hw-mul\libc.a(lib_a-rand.o)
                              obj/default/graphics.o (rand)
c:/altera/15.0/nios2eds/bin/gnu/h-x86_64-mingw32/bin/../lib/gcc/nios2-elf/4.9.1/../../../../../H-x86_64-mingw32/nios2-elf/lib/mno-hw-mul\libc.a(lib_a-sbrkr.o)
                              c:/altera/15.0/nios2eds/bin/gnu/h-x86_64-mingw32/bin/../lib/gcc/nios2-elf/4.9.1/../../../../../H-x86_64-mingw32/nios2-elf/lib/mno-hw-mul\libc.a(lib_a-mallocr.o) (_sbrk_r)
c:/altera/15.0/nios2eds/bin/gnu/h-x86_64-mingw32/bin/../lib/gcc/nios2-elf/4.9.1/../../../../../H-x86_64-mingw32/nios2-elf/lib/mno-hw-mul\libc.a(lib_a-snprintf.o)
                              obj/default/hello_world.o (snprintf)
c:/altera/15.0/nios2eds/bin/gnu/h-x86_64-mingw32/bin/../lib/gcc/nios2-elf/4.9.1/../../../../../H-x86_64-mingw32/nios2-elf/lib/mno-hw-mul\libc.a(lib_a-strlen.o)
                              obj/default/OutGraphicsCharFont1.o (strlen)
c:/altera/15.0/nios2eds/bin/gnu/h-x86_64-mingw32/bin/../lib/gcc/nios2-elf/4.9.1/../../../../../H-x86_64-mingw32/nios2-elf/lib/mno-hw-mul\libc.a(lib_a-strtol.o)
                              c:/altera/15.0/nios2eds/bin/gnu/h-x86_64-mingw32/bin/../lib/gcc/nios2-elf/4.9.1/../../../../../H-x86_64-mingw32/nios2-elf/lib/mno-hw-mul\libc.a(lib_a-atoi.o) (_strtol_r)
c:/altera/15.0/nios2eds/bin/gnu/h-x86_64-mingw32/bin/../lib/gcc/nios2-elf/4.9.1/../../../../../H-x86_64-mingw32/nios2-elf/lib/mno-hw-mul\libc.a(lib_a-svfprintf.o)
                              c:/altera/15.0/nios2eds/bin/gnu/h-x86_64-mingw32/bin/../lib/gcc/nios2-elf/4.9.1/../../../../../H-x86_64-mingw32/nios2-elf/lib/mno-hw-mul\libc.a(lib_a-snprintf.o) (___svfprintf_internal_r)
c:/altera/15.0/nios2eds/bin/gnu/h-x86_64-mingw32/bin/../lib/gcc/nios2-elf/4.9.1/../../../../../H-x86_64-mingw32/nios2-elf/lib/mno-hw-mul\libc.a(lib_a-vfprintf.o)
[...]
Memory Configuration

Name             Origin             Length             Attributes
reset            0x0000000008000000 0x0000000000000020
sdram            0x0000000008000020 0x0000000003ffffe0
*default*        0x0000000000000000 0xffffffffffffffff

Linker script and memory map

LOAD ../Sprint_1_ver_2_bsp//obj/HAL/src/crt0.o
LOAD obj/default/ColourPallette.o
LOAD obj/default/Draw.o
LOAD obj/default/Fill.o
LOAD obj/default/Fonts.o
LOAD obj/default/GPS.o
LOAD obj/default/KeyPad.o
LOAD obj/default/OutGraphicsCharFont1.o
LOAD obj/default/OutGraphicsCharFont2.o
LOAD obj/default/ProgressBar.o
LOAD obj/default/SHA256.o
LOAD obj/default/ScreenErr.o
LOAD obj/default/ScreenOne.o
LOAD obj/default/ScreenThree.o
LOAD obj/default/ScreenTwo.o
LOAD obj/default/ScreenZero.o
LOAD obj/default/Timer.o
LOAD obj/default/Touchscreen.o
LOAD obj/default/TouchscreenKeypress.o
LOAD obj/default/Wifi.o
LOAD obj/default/graphics.o
LOAD obj/default/hello_world.o
LOAD c:/altera/15.0/nios2eds/bin/gnu/h-x86_64-mingw32/bin/../lib/gcc/nios2-elf/4.9.1/../../../../../H-x86_64-mingw32/nios2-elf/lib/mno-hw-mul\libstdc++.a
LOAD c:/altera/15.0/nios2eds/bin/gnu/h-x86_64-mingw32/bin/../lib/gcc/nios2-elf/4.9.1/../../../../../H-x86_64-mingw32/nios2-elf/lib/mno-hw-mul\libm.a
LOAD c:/altera/15.0/nios2eds/bin/gnu/h-x86_64-mingw32/bin/../lib/gcc/nios2-elf/4.9.1/mno-hw-mul\libgcc.a
START GROUP
LOAD c:/altera/15.0/nios2eds/bin/gnu/h-x86_64-mingw32/bin/../lib/gcc/nios2-elf/4.9.1/../../../../../H-x86_64-mingw32/nios2-elf/lib/mno-hw-mul\libc.a
LOAD c:/altera/15.0/nios2eds/bin/gnu/h-x86_64-mingw32/bin/../lib/gcc/nios2-elf/4.9.1/mno-hw-mul\libgcc.a
LOAD ../Sprint_1_ver_2_bsp/\libhal_bsp.a
LOAD c:/altera/15.0/nios2eds/bin/gnu/h-x86_64-mingw32/bin/../lib/gcc/nios2-elf/4.9.1/../../../../../H-x86_64-mingw32/nios2-elf/lib/mno-hw-mul\libm.a
END GROUP
LOAD c:/altera/15.0/nios2eds/bin/gnu/h-x86_64-mingw32/bin/../lib/gcc/nios2-elf/4.9.1/mno-hw-mul\libgcc.a
                0x0000000008000000                __alt_mem_sdram = 0x8000000

.entry          0x0000000008000000       0x20
 *(.entry)
 .entry         0x0000000008000000       0x20 ../Sprint_1_ver_2_bsp//obj/HAL/src/crt0.o
                0x0000000008000000                __reset

.exceptions     0x0000000008000020      0x19c
                0x0000000008000020                PROVIDE (__ram_exceptions_start, ABSOLUTE (.))
                0x0000000008000020                . = ALIGN (0x20)
 *(.irq)
 *(.exceptions.entry.label)
 .exceptions.entry.label
                0x0000000008000020        0x0 ../Sprint_1_ver_2_bsp/\libhal_bsp.a(alt_irq_entry.o)
                0x0000000008000020                alt_irq_entry
 .exceptions.entry.label
                0x0000000008000020        0x0 ../Sprint_1_ver_2_bsp/\libhal_bsp.a(alt_exception_entry.o)
                0x0000000008000020                alt_exception
 *(.exceptions.entry.user)
 *(.exceptions.entry.ecc_fatal)
 *(.exceptions.entry)
 .exceptions.entry
                0x0000000008000020       0x54 ../Sprint_1_ver_2_bsp/\libhal_bsp.a(alt_exception_entry.o)
 *(.exceptions.irqtest.user)
 *(.exceptions.irqtest)
 .exceptions.irqtest
                0x0000000008000074       0x10 ../Sprint_1_ver_2_bsp/\libhal_bsp.a(alt_irq_entry.o)
 *(.exceptions.irqhandler.user)
 *(.exceptions.irqhandler)
 .exceptions.irqhandler
                0x0000000008000084        0x4 ../Sprint_1_ver_2_bsp/\libhal_bsp.a(alt_irq_entry.o)
 *(.exceptions.irqreturn.user)
 *(.exceptions.irqreturn)
 .exceptions.irqreturn
                0x0000000008000088        0x4 ../Sprint_1_ver_2_bsp/\libhal_bsp.a(alt_irq_entry.o)
 *(.exceptions.notirq.label)
 .exceptions.notirq.label
                0x000000000800008c        0x0 ../Sprint_1_ver_2_bsp/\libhal_bsp.a(alt_irq_entry.o)
 *(.exceptions.notirq.user)
 *(.exceptions.notirq)
 .exceptions.notirq
                0x000000000800008c        0x8 ../Sprint_1_ver_2_bsp/\libhal_bsp.a(alt_exception_entry.o)
 *(.exceptions.soft.user)
 *(.exceptions.soft)
 *(.exceptions.unknown.user)
 *(.exceptions.unknown)
 .exceptions.unknown
                0x0000000008000094        0x4 ../Sprint_1_ver_2_bsp/\libhal_bsp.a(alt_exception_entry.o)
 *(.exceptions.exit.label)
 .exceptions.exit.label
                0x0000000008000098        0x0 ../Sprint_1_ver_2_bsp/\libhal_bsp.a(alt_irq_entry.o)
 .exceptions.exit.label
                0x0000000008000098        0x0 ../Sprint_1_ver_2_bsp/\libhal_bsp.a(alt_exception_entry.o)
 *(.exceptions.exit.user)
 *(.exceptions.exit)
 .exceptions.exit
                0x0000000008000098       0x54 ../Sprint_1_ver_2_bsp/\libhal_bsp.a(alt_exception_entry.o)
 *(.exceptions)
 .exceptions    0x00000000080000ec       0xd0 ../Sprint_1_ver_2_bsp/\libhal_bsp.a(alt_irq_handler.o)
                0x00000000080000ec                alt_irq_handler
                0x00000000080001bc                PROVIDE (__ram_exceptions_end, ABSOLUTE (.))
                0x0000000008000020                PROVIDE (__flash_exceptions_start, LOADADDR (.exceptions))

.text           0x00000000080001bc    0x17e78
                0x00000000080001bc                PROVIDE (stext, ABSOLUTE (.))
 *(.interp)
 *(.hash)
 *(.dynsym)
 *(.dynstr)
 *(.gnu.version)
 *(.gnu.version_d)
 *(.gnu.version_r)
 *(.rel.init)
 *(.rela.init)
 *(.rel.text .rel.text.* .rel.gnu.linkonce.t.*)
 *(.rela.text .rela.text.* .rela.gnu.linkonce.t.*)
 *(.rel.fini)
 *(.rela.fini)
 *(.rel.rodata .rel.rodata.* .rel.gnu.linkonce.r.*)
 *(.rela.rodata .rela.rodata.* .rela.gnu.linkonce.r.*)
 *(.rel.data .rel.data.* .rel.gnu.linkonce.d.*)
 *(.rela.data .rela.data.* .rela.gnu.linkonce.d.*)
 *(.rel.tdata .rel.tdata.* .rel.gnu.linkonce.td.*)
 *(.rela.tdata .rela.tdata.* .rela.gnu.linkonce.td.*)
 *(.rel.tbss .rel.tbss.* .rel.gnu.linkonce.tb.*)
 *(.rela.tbss .rela.tbss.* .rela.gnu.linkonce.tb.*)
 *(.rel.ctors)
 *(.rela.ctors)
 *(.rel.dtors)
 *(.rela.dtors)
 *(.rel.got)
 *(.rela.got)
 *(.rel.sdata .rel.sdata.* .rel.gnu.linkonce.s.*)
 *(.rela.sdata .rela.sdata.* .rela.gnu.linkonce.s.*)
 *(.rel.sbss .rel.sbss.* .rel.gnu.linkonce.sb.*)
 *(.rela.sbss .rela.sbss.* .rela.gnu.linkonce.sb.*)
 *(.rel.sdata2 .rel.sdata2.* .rel.gnu.linkonce.s2.*)
 *(.rela.sdata2 .rela.sdata2.* .rela.gnu.linkonce.s2.*)
 *(.rel.sbss2 .rel.sbss2.* .rel.gnu.linkonce.sb2.*)
 *(.rela.sbss2 .rela.sbss2.* .rela.gnu.linkonce.sb2.*)
 *(.rel.bss .rel.bss.* .rel.gnu.linkonce.b.*)
 *(.rela.bss .rela.bss.* .rela.gnu.linkonce.b.*)
 *(.rel.plt)
 *(.rela.plt)
 *(.rel.dyn)
 *(.init)
 *(.plt)
 *(.text .stub .text.* .gnu.linkonce.t.*)
 .text          0x00000000080001bc       0x3c ../Sprint_1_ver_2_bsp//obj/HAL/src/crt0.o
                0x00000000080001bc                _start
 .text          0x00000000080001f8        0x0 obj/default/ColourPallette.o
 .text          0x00000000080001f8       0xd4 obj/default/Draw.o
                0x00000000080001f8                DrawScreen
 .text          0x00000000080002cc      0x4f8 obj/default/Fill.o
                0x00000000080002cc                PushPixel
                0x0000000008000328                PopPixel
                0x0000000008000388                IsStackEmpty
                0x00000000080003c0                Fill
 .text          0x00000000080007c4        0x0 obj/default/Fonts.o
 .text          0x00000000080007c4      0x25c obj/default/GPS.o
                0x00000000080007c4                Init_GPS
                0x0000000008000824                putcharGPSs
                0x0000000008000880                getcharGPS
                0x00000000080008d4                GPSDumpLogData
 .text          0x0000000008000a20      0xa4c obj/default/KeyPad.o
                0x0000000008000a20                Key0Pressed
                0x0000000008000a94                Key1Pressed
                0x0000000008000b08                Key2Pressed
                0x0000000008000b7c                Key3Pressed
                0x0000000008000bf0                Key4Pressed
                0x0000000008000c64                Key5Pressed
                0x0000000008000cd8                Key6Pressed
                0x0000000008000d4c                Key7Pressed
                0x0000000008000dc0                Key8Pressed
                0x0000000008000e34                Key9Pressed
                0x0000000008000ea8                KeyOkPressed
                0x0000000008000f74                CodeFourCharCheck
                0x0000000008000fdc                CodeMatchCheck
                0x0000000008001060                KeyBackPressed
                0x00000000080010c0                DrawKeyPad
                0x0000000008001308                DrawPasswordBox
                0x0000000008001384                DrawDot
                0x00000000080013f8                ClearDot
 .text          0x000000000800146c      0x258 obj/default/OutGraphicsCharFont1.o
                0x000000000800146c                OutGraphicsCharFont1
                0x000000000800161c                OutGraphicsStringFont1
 .text          0x00000000080016c4      0x23c obj/default/OutGraphicsCharFont2.o
                0x00000000080016c4                OutGraphicsCharFont2
                0x0000000008001858                OutGraphicsStringFont2
 .text          0x0000000008001900       0xa0 obj/default/ProgressBar.o
                0x0000000008001900                DrawProgress
 .text          0x00000000080019a0      0x36c obj/default/SHA256.o
                0x00000000080019a0                hashNum
                0x0000000008001a0c                readHash
                0x0000000008001a44                Reset
                0x0000000008001a80                hashString
                0x0000000008001b00                readWholeHash
                0x0000000008001bc0                WaitForReady
                0x0000000008001c14                WaitForReadyNoBlock
                0x0000000008001c74                WaitForDone
                0x0000000008001cb8                WaitForDoneNoBlock
 .text          0x0000000008001d0c       0x78 obj/default/ScreenErr.o
                0x0000000008001d0c                ScreenErrLoad
 .text          0x0000000008001d84       0x7c obj/default/ScreenOne.o
                0x0000000008001d84                ScreenOneLoad
 .text          0x0000000008001e00       0x80 obj/default/ScreenThree.o
                0x0000000008001e00                ScreenThreeLoad
 .text          0x0000000008001e80       0x64 obj/default/ScreenTwo.o
                0x0000000008001e80                ScreenTwoLoad
 .text          0x0000000008001ee4       0x98 obj/default/ScreenZero.o
                0x0000000008001ee4                ScreenZeroLoad
 .text          0x0000000008001f7c      0x15c obj/default/Timer.o
                0x0000000008001f7c                Init_Timer
                0x0000000008002018                Restart_Timer
                0x00000000080020a4                Start_Timer
 .text          0x00000000080020d8      0x414 obj/default/Touchscreen.o
                0x00000000080020d8                Init_Touchscreen
                0x0000000008002178                ScreenTouched
                0x00000000080021b4                ScreenTouchedNoBlock
                0x00000000080021f4                WaitForTouch
                0x0000000008002224                ScreenReleased
                0x0000000008002260                WaitForRelease
                0x0000000008002290                GetPressNoWaitForTouch
                0x000000000800231c                GetPress
                0x00000000080023ac                GetRelease
                0x000000000800243c                putcharTouchscreen
                0x0000000008002498                getcharTouchscreen
 .text          0x00000000080024ec      0x250 obj/default/TouchscreenKeypress.o
                0x0000000008002560                addBtn
                0x0000000008002610                runBtn
                0x00000000080026b4                clearBtns
 .text          0x000000000800273c      0x1a0 obj/default/Wifi.o
                0x000000000800273c                Init_Wifi
                0x00000000080027b4                sendStringWifi
                0x000000000800282c                putcharWifi
                0x0000000008002888                getcharWifi
 .text          0x00000000080028dc     0x11e8 obj/default/graphics.o
                0x00000000080028dc                WriteAPixel
                0x0000000008002958                ClearScreen
                0x00000000080029b8                ReadAPixel
                0x0000000008002a48                ProgramPalette
                0x0000000008002ac4                HLine
                0x0000000008002b34                HLineAcc
                0x0000000008002bd4                DrawLineAcc
                0x0000000008002cac                VLine
                0x0000000008002d1c                VLineAcc
                0x0000000008002db8                Rectangle
                0x0000000008002ebc                FilledRectangle
                0x0000000008002fbc                FilledRectangleBorder
                0x00000000080030cc                Triangle
                0x0000000008003154                Arc
                0x0000000008003260                Circle
                0x0000000008003468                sign
                0x00000000080034ac                RandomLine
                0x0000000008003554                LineAcc
                0x00000000080035f4                Line
                0x00000000080037c0                InitializeStartScreen_state0
                0x000000000800397c                InitializeStartScreen_state1
 .text          0x0000000008003ac4     0x107c obj/default/hello_world.o
                0x0000000008003ac4                main
                0x0000000008004040                test
                0x0000000008004074                Screen_State_2_Button_If_Conditions
                0x0000000008004090                Capture_Touch_Points
                0x000000000800417c                Init_Interrupt
                0x00000000080041d4                handle_button_interrupts_timer_0
                0x000000000800421c                handle_button_interrupts_timer_1
                0x0000000008004268                Coord_Touch_To_VGA_x
                0x00000000080042d0                Coord_Touch_To_VGA_y
                0x0000000008004338                UpdateGPS
                0x000000000800450c                UpdateGPSBlocking
                0x0000000008004814                CoordinateUpdate
                0x0000000008004974                RetrieveWiFiSecurityCode
 .text          0x0000000008004b40      0x12c c:/altera/15.0/nios2eds/bin/gnu/h-x86_64-mingw32/bin/../lib/gcc/nios2-elf/4.9.1/mno-hw-mul\libgcc.a(lib2-divmod.o)
                0x0000000008004bac                __divsi3
                0x0000000008004c00                __modsi3
                0x0000000008004c5c                __udivsi3
                0x0000000008004c64                __umodsi3
 .text          0x0000000008004c6c       0x28 c:/altera/15.0/nios2eds/bin/gnu/h-x86_64-mingw32/bin/../lib/gcc/nios2-elf/4.9.1/mno-hw-mul\libgcc.a(lib2-mul.o)
                0x0000000008004c6c                __mulsi3
 .text          0x0000000008004c94      0x86c c:/altera/15.0/nios2eds/bin/gnu/h-x86_64-mingw32/bin/../lib/gcc/nios2-elf/4.9.1/mno-hw-mul\libgcc.a(muldf3.o)
                0x0000000008004c94                __muldf3
 .text          0x0000000008005500       0x88 c:/altera/15.0/nios2eds/bin/gnu/h-x86_64-mingw32/bin/../lib/gcc/nios2-elf/4.9.1/mno-hw-mul\libgcc.a(fixdfsi.o)
                0x0000000008005500                __fixdfsi
 .text          0x0000000008005588       0xd0 c:/altera/15.0/nios2eds/bin/gnu/h-x86_64-mingw32/bin/../lib/gcc/nios2-elf/4.9.1/mno-hw-mul\libgcc.a(floatsidf.o)
                0x0000000008005588                __floatsidf
 .text          0x0000000008005658       0x64 c:/altera/15.0/nios2eds/bin/gnu/h-x86_64-mingw32/bin/../lib/gcc/nios2-elf/4.9.1/mno-hw-mul\libgcc.a(_clzsi2.o)
                0x0000000008005658                __clzsi2
 .text          0x00000000080056bc        0x0 c:/altera/15.0/nios2eds/bin/gnu/h-x86_64-mingw32/bin/../lib/gcc/nios2-elf/4.9.1/mno-hw-mul\libgcc.a(_clz.o)
 .text          0x00000000080056bc       0x18 c:/altera/15.0/nios2eds/bin/gnu/h-x86_64-mingw32/bin/../lib/gcc/nios2-elf/4.9.1/../../../../../H-x86_64-mingw32/nios2-elf/lib/mno-hw-mul\libc.a(lib_a-atoi.o)
                0x00000000080056bc                atoi
                0x00000000080056c8                _atoi_r
 .text          0x00000000080056d4       0x28 c:/altera/15.0/nios2eds/bin/gnu/h-x86_64-mingw32/bin/../lib/gcc/nios2-elf/4.9.1/../../../../../H-x86_64-mingw32/nios2-elf/lib/mno-hw-mul\libc.a(lib_a-malloc.o)
                0x00000000080056d4                malloc
                0x00000000080056e8                free
 .text          0x00000000080056fc      0x7a8 c:/altera/15.0/nios2eds/bin/gnu/h-x86_64-mingw32/bin/../lib/gcc/nios2-elf/4.9.1/../../../../../H-x86_64-mingw32/nios2-elf/lib/mno-hw-mul\libc.a(lib_a-mallocr.o)
                0x00000000080056fc                _malloc_r
 .text          0x0000000008005ea4       0x68 c:/altera/15.0/nios2eds/bin/gnu/h-x86_64-mingw32/bin/../lib/gcc/nios2-elf/4.9.1/../../../../../H-x86_64-mingw32/nios2-elf/lib/mno-hw-mul\libc.a(lib_a-printf.o)
                0x0000000008005ea4                _printf_r
                0x0000000008005ed0                printf
 .text          0x0000000008005f0c       0x20 c:/altera/15.0/nios2eds/bin/gnu/h-x86_64-mingw32/bin/../lib/gcc/nios2-elf/4.9.1/../../../../../H-x86_64-mingw32/nios2-elf/lib/mno-hw-mul\libc.a(lib_a-putchar.o)
                0x0000000008005f0c                _putchar_r
                0x0000000008005f14                putchar
 .text          0x0000000008005f2c       0xcc c:/altera/15.0/nios2eds/bin/gnu/h-x86_64-mingw32/bin/../lib/gcc/nios2-elf/4.9.1/../../../../../H-x86_64-mingw32/nios2-elf/lib/mno-hw-mul\libc.a(lib_a-puts.o)
                0x0000000008005f2c                _puts_r
                0x0000000008005fe4                puts
 .text          0x0000000008005ff8       0x7c c:/altera/15.0/nios2eds/bin/gnu/h-x86_64-mingw32/bin/../lib/gcc/nios2-elf/4.9.1/../../../../../H-x86_64-mingw32/nios2-elf/lib/mno-hw-mul\libc.a(lib_a-rand.o)
                0x0000000008005ff8                srand
                0x0000000008006010                rand
 .text          0x0000000008006074       0x54 c:/altera/15.0/nios2eds/bin/gnu/h-x86_64-mingw32/bin/../lib/gcc/nios2-elf/4.9.1/../../../../../H-x86_64-mingw32/nios2-elf/lib/mno-hw-mul\libc.a(lib_a-sbrkr.o)
                0x0000000008006074                _sbrk_r
 .text          0x00000000080060c8      0x1bc c:/altera/15.0/nios2eds/bin/gnu/h-x86_64-mingw32/bin/../lib/gcc/nios2-elf/4.9.1/../../../../../H-x86_64-mingw32/nios2-elf/lib/mno-hw-mul\libc.a(lib_a-snprintf.o)
                0x00000000080060c8                _snprintf_r
                0x00000000080061a0                snprintf
 .text          0x0000000008006284       0x98 c:/altera/15.0/nios2eds/bin/gnu/h-x86_64-mingw32/bin/../lib/gcc/nios2-elf/4.9.1/../../../../../H-x86_64-mingw32/nios2-elf/lib/mno-hw-mul\libc.a(lib_a-strlen.o)
                0x0000000008006284                strlen
 .text          0x000000000800631c      0x28c c:/altera/15.0/nios2eds/bin/gnu/h-x86_64-mingw32/bin/../lib/gcc/nios2-elf/4.9.1/../../../../../H-x86_64-mingw32/nios2-elf/lib/mno-hw-mul\libc.a(lib_a-strtol.o)
                0x000000000800631c                _strtol_r
                0x0000000008006584                strtol
 .text          0x00000000080065a8     0x2070 c:/altera/15.0/nios2eds/bin/gnu/h-x86_64-mingw32/bin/../lib/gcc/nios2-elf/4.9.1/../../../../../H-x86_64-mingw32/nios2-elf/lib/mno-hw-mul\libc.a(lib_a-svfprintf.o)
                0x00000000080065a8                ___svfprintf_internal_r
 .text          0x0000000008008618     0x2120 c:/altera/15.0/nios2eds/bin/gnu/h-x86_64-mingw32/bin/../lib/gcc/nios2-elf/4.9.1/../../../../../H-x86_64-mingw32/nios2-elf/lib/mno-hw-mul\libc.a(lib_a-vfprintf.o)
                0x0000000008008618                ___vfprintf_internal_r
                0x000000000800a714                __vfprintf_internal
 .text          0x000000000800a738      0x130 c:/altera/15.0/nios2eds/bin/gnu/h-x86_64-mingw32/bin/../lib/gcc/nios2-elf/4.9.1/../../../../../H-x86_64-mingw32/nios2-elf/lib/mno-hw-mul\libc.a(lib_a-wsetup.o)
                0x000000000800a738                __swsetup_r
 .text          0x000000000800a868        0x0 c:/altera/15.0/nios2eds/bin/gnu/h-x86_64-mingw32/bin/../lib/gcc/nios2-elf/4.9.1/../../../../../H-x86_64-mingw32/nios2-elf/lib/mno-hw-mul\libc.a(lib_a-ctype_.o)
 .text          0x000000000800a868     0x1950 c:/altera/15.0/nios2eds/bin/gnu/h-x86_64-mingw32/bin/../lib/gcc/nios2-elf/4.9.1/../../../../../H-x86_64-mingw32/nios2-elf/lib/mno-hw-mul\libc.a(lib_a-dtoa.o)
                0x000000000800aa90                _dtoa_r
 .text          0x000000000800c1b8      0x258 c:/altera/15.0/nios2eds/bin/gnu/h-x86_64-mingw32/bin/../lib/gcc/nios2-elf/4.9.1/../../../../../H-x86_64-mingw32/nios2-elf/lib/mno-hw-mul\libc.a(lib_a-fflush.o)
                0x000000000800c1b8                _fflush_r
                0x000000000800c3e0                fflush
 .text          0x000000000800c410      0x3b4 c:/altera/15.0/nios2eds/bin/gnu/h-x86_64-mingw32/bin/../lib/gcc/nios2-elf/4.9.1/../../../../../H-x86_64-mingw32/nios2-elf/lib/mno-hw-mul\libc.a(lib_a-findfp.o)
                0x000000000800c420                _cleanup_r
                0x000000000800c5cc                __sfmoreglue
                0x000000000800c644                __sfp
                0x000000000800c75c                _cleanup
                0x000000000800c774                __sinit
                0x000000000800c784                __sfp_lock_acquire
                0x000000000800c788                __sfp_lock_release
                0x000000000800c78c                __sinit_lock_acquire
                0x000000000800c790                __sinit_lock_release
                0x000000000800c794                __fp_lock_all
                0x000000000800c7ac                __fp_unlock_all
 .text          0x000000000800c7c4      0x414 c:/altera/15.0/nios2eds/bin/gnu/h-x86_64-mingw32/bin/../lib/gcc/nios2-elf/4.9.1/../../../../../H-x86_64-mingw32/nios2-elf/lib/mno-hw-mul\libc.a(lib_a-freer.o)
                0x000000000800c7c4                _malloc_trim_r
                0x000000000800c8e8                _free_r
 .text          0x000000000800cbd8      0x4a4 c:/altera/15.0/nios2eds/bin/gnu/h-x86_64-mingw32/bin/../lib/gcc/nios2-elf/4.9.1/../../../../../H-x86_64-mingw32/nios2-elf/lib/mno-hw-mul\libc.a(lib_a-fvwrite.o)
                0x000000000800cbd8                __sfvwrite_r
 .text          0x000000000800d07c      0x170 c:/altera/15.0/nios2eds/bin/gnu/h-x86_64-mingw32/bin/../lib/gcc/nios2-elf/4.9.1/../../../../../H-x86_64-mingw32/nios2-elf/lib/mno-hw-mul\libc.a(lib_a-fwalk.o)
                0x000000000800d07c                _fwalk
                0x000000000800d134                _fwalk_reent
 .text          0x000000000800d1ec        0x0 c:/altera/15.0/nios2eds/bin/gnu/h-x86_64-mingw32/bin/../lib/gcc/nios2-elf/4.9.1/../../../../../H-x86_64-mingw32/nios2-elf/lib/mno-hw-mul\libc.a(lib_a-impure.o)
 .text          0x000000000800d1ec        0x0 c:/altera/15.0/nios2eds/bin/gnu/h-x86_64-mingw32/bin/../lib/gcc/nios2-elf/4.9.1/../../../../../H-x86_64-mingw32/nios2-elf/lib/mno-hw-mul\libc.a(lib_a-int_errno.o)
 .text          0x000000000800d1ec       0xe0 c:/altera/15.0/nios2eds/bin/gnu/h-x86_64-mingw32/bin/../lib/gcc/nios2-elf/4.9.1/../../../../../H-x86_64-mingw32/nios2-elf/lib/mno-hw-mul\libc.a(lib_a-locale.o)
                0x000000000800d1ec                _setlocale_r
                0x000000000800d268                __locale_charset
                0x000000000800d274                __locale_mb_cur_max
                0x000000000800d284                __locale_msgcharset
                0x000000000800d290                __locale_cjk_lang
                0x000000000800d298                _localeconv_r
                0x000000000800d2a4                setlocale
                0x000000000800d2c0                localeconv
 .text          0x000000000800d2cc      0x1b8 c:/altera/15.0/nios2eds/bin/gnu/h-x86_64-mingw32/bin/../lib/gcc/nios2-elf/4.9.1/../../../../../H-x86_64-mingw32/nios2-elf/lib/mno-hw-mul\libc.a(lib_a-makebuf.o)
                0x000000000800d2cc                __smakebuf_r
 .text          0x000000000800d484       0xe8 c:/altera/15.0/nios2eds/bin/gnu/h-x86_64-mingw32/bin/../lib/gcc/nios2-elf/4.9.1/../../../../../H-x86_64-mingw32/nios2-elf/lib/mno-hw-mul\libc.a(lib_a-memchr.o)
                0x000000000800d484                memchr
 .text          0x000000000800d56c      0x138 c:/altera/15.0/nios2eds/bin/gnu/h-x86_64-mingw32/bin/../lib/gcc/nios2-elf/4.9.1/../../../../../H-x86_64-mingw32/nios2-elf/lib/mno-hw-mul\libc.a(lib_a-memcpy.o)
                0x000000000800d56c                memcpy
 .text          0x000000000800d6a4      0x15c c:/altera/15.0/nios2eds/bin/gnu/h-x86_64-mingw32/bin/../lib/gcc/nios2-elf/4.9.1/../../../../../H-x86_64-mingw32/nios2-elf/lib/mno-hw-mul\libc.a(lib_a-memmove.o)
                0x000000000800d6a4                memmove
 .text          0x000000000800d800      0x124 c:/altera/15.0/nios2eds/bin/gnu/h-x86_64-mingw32/bin/../lib/gcc/nios2-elf/4.9.1/../../../../../H-x86_64-mingw32/nios2-elf/lib/mno-hw-mul\libc.a(lib_a-memset.o)
                0x000000000800d800                memset
 .text          0x000000000800d924     0x1048 c:/altera/15.0/nios2eds/bin/gnu/h-x86_64-mingw32/bin/../lib/gcc/nios2-elf/4.9.1/../../../../../H-x86_64-mingw32/nios2-elf/lib/mno-hw-mul\libc.a(lib_a-mprec.o)
                0x000000000800d924                _Balloc
                0x000000000800d9cc                _Bfree
                0x000000000800d9f4                __multadd
                0x000000000800db30                __s2b
                0x000000000800dc34                __hi0bits
                0x000000000800dc9c                __lo0bits
                0x000000000800dd4c                __i2b
                0x000000000800dd88                __multiply
                0x000000000800e018                __pow5mult
                0x000000000800e158                __lshift
                0x000000000800e2a0                __mcmp
                0x000000000800e300                __mdiff
                0x000000000800e498                __ulp
                0x000000000800e4f8                __b2d
                0x000000000800e614                __d2b
                0x000000000800e750                __ratio
                0x000000000800e7f4                _mprec_log10
                0x000000000800e868                __copybits
                0x000000000800e8e0                __any_on
 .text          0x000000000800e96c      0x168 c:/altera/15.0/nios2eds/bin/gnu/h-x86_64-mingw32/bin/../lib/gcc/nios2-elf/4.9.1/../../../../../H-x86_64-mingw32/nios2-elf/lib/mno-hw-mul\libc.a(lib_a-putc.o)
                0x000000000800e96c                _putc_r
                0x000000000800ea0c                putc
 .text          0x000000000800ead4      0x5a0 c:/altera/15.0/nios2eds/bin/gnu/h-x86_64-mingw32/bin/../lib/gcc/nios2-elf/4.9.1/../../../../../H-x86_64-mingw32/nios2-elf/lib/mno-hw-mul\libc.a(lib_a-reallocr.o)
                0x000000000800ead4                _realloc_r
 .text          0x000000000800f074       0x74 c:/altera/15.0/nios2eds/bin/gnu/h-x86_64-mingw32/bin/../lib/gcc/nios2-elf/4.9.1/../../../../../H-x86_64-mingw32/nios2-elf/lib/mno-hw-mul\libc.a(lib_a-s_fpclassify.o)
                0x000000000800f074                __fpclassifyd
 .text          0x000000000800f0e8      0x13c c:/altera/15.0/nios2eds/bin/gnu/h-x86_64-mingw32/bin/../lib/gcc/nios2-elf/4.9.1/../../../../../H-x86_64-mingw32/nios2-elf/lib/mno-hw-mul\libc.a(lib_a-stdio.o)
                0x000000000800f0e8                __sread
                0x000000000800f13c                __seofread
                0x000000000800f144                __swrite
                0x000000000800f1c0                __sseek
                0x000000000800f21c                __sclose
 .text          0x000000000800f224       0xa4 c:/altera/15.0/nios2eds/bin/gnu/h-x86_64-mingw32/bin/../lib/gcc/nios2-elf/4.9.1/../../../../../H-x86_64-mingw32/nios2-elf/lib/mno-hw-mul\libc.a(lib_a-strcmp.o)
                0x000000000800f224                strcmp
 .text          0x000000000800f2c8     0x1398 c:/altera/15.0/nios2eds/bin/gnu/h-x86_64-mingw32/bin/../lib/gcc/nios2-elf/4.9.1/../../../../../H-x86_64-mingw32/nios2-elf/lib/mno-hw-mul\libc.a(lib_a-svfiprintf.o)
                0x000000000800f2c8                __ssprint_r
                0x000000000800f490                ___svfiprintf_internal_r
 .text          0x0000000008010660     0x155c c:/altera/15.0/nios2eds/bin/gnu/h-x86_64-mingw32/bin/../lib/gcc/nios2-elf/4.9.1/../../../../../H-x86_64-mingw32/nios2-elf/lib/mno-hw-mul\libc.a(lib_a-vfiprintf.o)
                0x000000000801075c                __sprint_r
                0x0000000008010774                ___vfiprintf_internal_r
                0x0000000008011b98                __vfiprintf_internal
 .text          0x0000000008011bbc      0x170 c:/altera/15.0/nios2eds/bin/gnu/h-x86_64-mingw32/bin/../lib/gcc/nios2-elf/4.9.1/../../../../../H-x86_64-mingw32/nios2-elf/lib/mno-hw-mul\libc.a(lib_a-wbuf.o)
                0x0000000008011bbc                __swbuf_r
                0x0000000008011d10                __swbuf
 .text          0x0000000008011d2c       0x5c c:/altera/15.0/nios2eds/bin/gnu/h-x86_64-mingw32/bin/../lib/gcc/nios2-elf/4.9.1/../../../../../H-x86_64-mingw32/nios2-elf/lib/mno-hw-mul\libc.a(lib_a-writer.o)
                0x0000000008011d2c                _write_r
 .text          0x0000000008011d88       0x54 c:/altera/15.0/nios2eds/bin/gnu/h-x86_64-mingw32/bin/../lib/gcc/nios2-elf/4.9.1/../../../../../H-x86_64-mingw32/nios2-elf/lib/mno-hw-mul\libc.a(closer.o)
                0x0000000008011d88                _close_r
 .text          0x0000000008011ddc       0xd8 c:/altera/15.0/nios2eds/bin/gnu/h-x86_64-mingw32/bin/../lib/gcc/nios2-elf/4.9.1/../../../../../H-x86_64-mingw32/nios2-elf/lib/mno-hw-mul\libc.a(lib_a-callocr.o)
                0x0000000008011ddc                _calloc_r
 .text          0x0000000008011eb4      0x114 c:/altera/15.0/nios2eds/bin/gnu/h-x86_64-mingw32/bin/../lib/gcc/nios2-elf/4.9.1/../../../../../H-x86_64-mingw32/nios2-elf/lib/mno-hw-mul\libc.a(lib_a-fclose.o)
                0x0000000008011eb4                _fclose_r
                0x0000000008011fb4                fclose
 .text          0x0000000008011fc8      0x1dc c:/altera/15.0/nios2eds/bin/gnu/h-x86_64-mingw32/bin/../lib/gcc/nios2-elf/4.9.1/../../../../../H-x86_64-mingw32/nios2-elf/lib/mno-hw-mul\libc.a(lib_a-fputwc.o)
                0x0000000008011fc8                _fputwc_r
                0x000000000801214c                fputwc
 .text          0x00000000080121a4       0x58 c:/altera/15.0/nios2eds/bin/gnu/h-x86_64-mingw32/bin/../lib/gcc/nios2-elf/4.9.1/../../../../../H-x86_64-mingw32/nios2-elf/lib/mno-hw-mul\libc.a(lib_a-fstatr.o)
                0x00000000080121a4                _fstat_r
 .text          0x00000000080121fc       0x54 c:/altera/15.0/nios2eds/bin/gnu/h-x86_64-mingw32/bin/../lib/gcc/nios2-elf/4.9.1/../../../../../H-x86_64-mingw32/nios2-elf/lib/mno-hw-mul\libc.a(lib_a-isattyr.o)
                0x00000000080121fc                _isatty_r
 .text          0x0000000008012250       0x5c c:/altera/15.0/nios2eds/bin/gnu/h-x86_64-mingw32/bin/../lib/gcc/nios2-elf/4.9.1/../../../../../H-x86_64-mingw32/nios2-elf/lib/mno-hw-mul\libc.a(lib_a-lseekr.o)
                0x0000000008012250                _lseek_r
 .text          0x00000000080122ac       0x5c c:/altera/15.0/nios2eds/bin/gnu/h-x86_64-mingw32/bin/../lib/gcc/nios2-elf/4.9.1/../../../../../H-x86_64-mingw32/nios2-elf/lib/mno-hw-mul\libc.a(lib_a-readr.o)
                0x00000000080122ac                _read_r
 .text          0x0000000008012308      0x174 c:/altera/15.0/nios2eds/bin/gnu/h-x86_64-mingw32/bin/../lib/gcc/nios2-elf/4.9.1/../../../../../H-x86_64-mingw32/nios2-elf/lib/mno-hw-mul\libc.a(lib_a-wcrtomb.o)
                0x0000000008012308                _wcrtomb_r
                0x00000000080123a4                wcrtomb
 .text          0x000000000801247c       0x8c c:/altera/15.0/nios2eds/bin/gnu/h-x86_64-mingw32/bin/../lib/gcc/nios2-elf/4.9.1/../../../../../H-x86_64-mingw32/nios2-elf/lib/mno-hw-mul\libc.a(lib_a-wctomb_r.o)
                0x000000000801247c                __ascii_wctomb
                0x00000000080124ac                _wctomb_r
 .text          0x0000000008012508      0x10c c:/altera/15.0/nios2eds/bin/gnu/h-x86_64-mingw32/bin/../lib/gcc/nios2-elf/4.9.1/mno-hw-mul\libgcc.a(_muldi3.o)
                0x0000000008012508                __muldi3
 .text          0x0000000008012614      0x640 c:/altera/15.0/nios2eds/bin/gnu/h-x86_64-mingw32/bin/../lib/gcc/nios2-elf/4.9.1/mno-hw-mul\libgcc.a(_udivdi3.o)
                0x0000000008012614                __udivdi3
 .text          0x0000000008012c54      0x61c c:/altera/15.0/nios2eds/bin/gnu/h-x86_64-mingw32/bin/../lib/gcc/nios2-elf/4.9.1/mno-hw-mul\libgcc.a(_umoddi3.o)
                0x0000000008012c54                __umoddi3
 .text          0x0000000008013270      0x89c c:/altera/15.0/nios2eds/bin/gnu/h-x86_64-mingw32/bin/../lib/gcc/nios2-elf/4.9.1/mno-hw-mul\libgcc.a(adddf3.o)
                0x0000000008013270                __adddf3
 .text          0x0000000008013b0c      0x980 c:/altera/15.0/nios2eds/bin/gnu/h-x86_64-mingw32/bin/../lib/gcc/nios2-elf/4.9.1/mno-hw-mul\libgcc.a(divdf3.o)
                0x0000000008013b0c                __divdf3
 .text          0x000000000801448c       0x84 c:/altera/15.0/nios2eds/bin/gnu/h-x86_64-mingw32/bin/../lib/gcc/nios2-elf/4.9.1/mno-hw-mul\libgcc.a(eqdf2.o)
                0x000000000801448c                __nedf2
                0x000000000801448c                __eqdf2
 .text          0x0000000008014510       0xe0 c:/altera/15.0/nios2eds/bin/gnu/h-x86_64-mingw32/bin/../lib/gcc/nios2-elf/4.9.1/mno-hw-mul\libgcc.a(gedf2.o)
                0x0000000008014510                __gedf2
                0x0000000008014510                __gtdf2
 .text          0x00000000080145f0       0xe0 c:/altera/15.0/nios2eds/bin/gnu/h-x86_64-mingw32/bin/../lib/gcc/nios2-elf/4.9.1/mno-hw-mul\libgcc.a(ledf2.o)
                0x00000000080145f0                __ledf2
                0x00000000080145f0                __ltdf2
 .text          0x00000000080146d0      0x8d0 c:/altera/15.0/nios2eds/bin/gnu/h-x86_64-mingw32/bin/../lib/gcc/nios2-elf/4.9.1/mno-hw-mul\libgcc.a(subdf3.o)
                0x00000000080146d0                __subdf3
 .text          0x0000000008014fa0       0xa4 c:/altera/15.0/nios2eds/bin/gnu/h-x86_64-mingw32/bin/../lib/gcc/nios2-elf/4.9.1/mno-hw-mul\libgcc.a(floatunsidf.o)
                0x0000000008014fa0                __floatunsidf
 .text          0x0000000008015044      0x128 ../Sprint_1_ver_2_bsp/\libhal_bsp.a(alt_close.o)
                0x0000000008015094                close
 .text          0x000000000801516c       0x2c ../Sprint_1_ver_2_bsp/\libhal_bsp.a(alt_dev.o)
 .text          0x0000000008015198        0x0 ../Sprint_1_ver_2_bsp/\libhal_bsp.a(alt_errno.o)
 .text          0x0000000008015198      0x108 ../Sprint_1_ver_2_bsp/\libhal_bsp.a(alt_fstat.o)
                0x00000000080151e8                fstat
 .text          0x00000000080152a0      0x1b0 ../Sprint_1_ver_2_bsp/\libhal_bsp.a(alt_irq_register.o)
                0x00000000080152a0                alt_irq_register
 .text          0x0000000008015450        0x0 ../Sprint_1_ver_2_bsp/\libhal_bsp.a(alt_irq_vars.o)
 .text          0x0000000008015450       0xfc ../Sprint_1_ver_2_bsp/\libhal_bsp.a(alt_isatty.o)
                0x00000000080154a0                isatty
 .text          0x000000000801554c       0xe4 ../Sprint_1_ver_2_bsp/\libhal_bsp.a(alt_load.o)
                0x00000000080155b0                alt_load
 .text          0x0000000008015630      0x12c ../Sprint_1_ver_2_bsp/\libhal_bsp.a(alt_lseek.o)
                0x0000000008015680                lseek
 .text          0x000000000801575c       0x78 ../Sprint_1_ver_2_bsp/\libhal_bsp.a(alt_main.o)
                0x000000000801575c                alt_main
 .text          0x00000000080157d4       0x40 ../Sprint_1_ver_2_bsp/\libhal_bsp.a(alt_malloc_lock.o)
                0x00000000080157d4                __malloc_lock
                0x00000000080157f4                __malloc_unlock
 .text          0x0000000008015814      0x154 ../Sprint_1_ver_2_bsp/\libhal_bsp.a(alt_read.o)
                0x0000000008015864                read
 .text          0x0000000008015968       0x80 ../Sprint_1_ver_2_bsp/\libhal_bsp.a(alt_release_fd.o)
                0x0000000008015968                alt_release_fd
 .text          0x00000000080159e8       0xb0 ../Sprint_1_ver_2_bsp/\libhal_bsp.a(alt_sbrk.o)
                0x00000000080159e8                sbrk
 .text          0x0000000008015a98       0x30 ../Sprint_1_ver_2_bsp/\libhal_bsp.a(alt_usleep.o)
                0x0000000008015a98                usleep
 .text          0x0000000008015ac8      0x150 ../Sprint_1_ver_2_bsp/\libhal_bsp.a(alt_write.o)
                0x0000000008015b18                write
 .text          0x0000000008015c18       0xdc ../Sprint_1_ver_2_bsp/\libhal_bsp.a(alt_sys_init.o)
                0x0000000008015c50                alt_irq_init
                0x0000000008015c84                alt_sys_init
 .text          0x0000000008015cf4      0x164 ../Sprint_1_ver_2_bsp/\libhal_bsp.a(altera_avalon_jtag_uart_fd.o)
                0x0000000008015cf4                altera_avalon_jtag_uart_read_fd
                0x0000000008015d54                altera_avalon_jtag_uart_write_fd
                0x0000000008015db4                altera_avalon_jtag_uart_close_fd
                0x0000000008015e04                altera_avalon_jtag_uart_ioctl_fd
 .text          0x0000000008015e58      0x3d8 ../Sprint_1_ver_2_bsp/\libhal_bsp.a(altera_avalon_jtag_uart_init.o)
                0x0000000008015e58                altera_avalon_jtag_uart_init
                0x00000000080161c8                altera_avalon_jtag_uart_close
 .text          0x0000000008016230       0xec ../Sprint_1_ver_2_bsp/\libhal_bsp.a(altera_avalon_jtag_uart_ioctl.o)
                0x0000000008016230                altera_avalon_jtag_uart_ioctl
 .text          0x000000000801631c      0x20c ../Sprint_1_ver_2_bsp/\libhal_bsp.a(altera_avalon_jtag_uart_read.o)
                0x000000000801631c                altera_avalon_jtag_uart_read
 .text          0x0000000008016528      0x218 ../Sprint_1_ver_2_bsp/\libhal_bsp.a(altera_avalon_jtag_uart_write.o)
                0x0000000008016528                altera_avalon_jtag_uart_write
 .text          0x0000000008016740       0xfc ../Sprint_1_ver_2_bsp/\libhal_bsp.a(altera_avalon_timer_sc.o)
                0x00000000080167b4                alt_avalon_timer_sc_init
 .text          0x000000000801683c      0x4d8 ../Sprint_1_ver_2_bsp/\libhal_bsp.a(altera_up_avalon_character_lcd.o)
                0x000000000801683c                get_DDRAM_addr
                0x00000000080168b0                alt_up_character_lcd_send_cmd
                0x00000000080168ec                alt_up_character_lcd_init
                0x0000000008016920                alt_up_character_lcd_open_dev
                0x0000000008016960                alt_up_character_lcd_write
                0x00000000080169d8                alt_up_character_lcd_string
                0x0000000008016a4c                alt_up_character_lcd_write_fd
                0x0000000008016a9c                alt_up_character_lcd_set_cursor_pos
                0x0000000008016b10                alt_up_character_lcd_shift_cursor
                0x0000000008016b98                alt_up_character_lcd_shift_display
                0x0000000008016c20                alt_up_character_lcd_erase_pos
                0x0000000008016cac                alt_up_character_lcd_cursor_off
                0x0000000008016ce0                alt_up_character_lcd_cursor_blink_on
 .text          0x0000000008016d14      0x140 ../Sprint_1_ver_2_bsp/\libhal_bsp.a(alt_alarm_start.o)
                0x0000000008016d14                alt_alarm_start
 .text          0x0000000008016e54      0x158 ../Sprint_1_ver_2_bsp/\libhal_bsp.a(alt_busy_sleep.o)
                0x0000000008016e54                alt_busy_sleep
 .text          0x0000000008016fac       0x1c ../Sprint_1_ver_2_bsp/\libhal_bsp.a(alt_dcache_flush_all.o)
                0x0000000008016fac                alt_dcache_flush_all
 .text          0x0000000008016fc8       0xf4 ../Sprint_1_ver_2_bsp/\libhal_bsp.a(alt_dev_llist_insert.o)
                0x0000000008017018                alt_dev_llist_insert
 .text          0x00000000080170bc       0x5c ../Sprint_1_ver_2_bsp/\libhal_bsp.a(alt_do_ctors.o)
                0x00000000080170bc                _do_ctors
 .text          0x0000000008017118       0x5c ../Sprint_1_ver_2_bsp/\libhal_bsp.a(alt_do_dtors.o)
                0x0000000008017118                _do_dtors
 .text          0x0000000008017174       0x90 ../Sprint_1_ver_2_bsp/\libhal_bsp.a(alt_find_dev.o)
                0x0000000008017174                alt_find_dev
 .text          0x0000000008017204       0x1c ../Sprint_1_ver_2_bsp/\libhal_bsp.a(alt_icache_flush_all.o)
                0x0000000008017204                alt_icache_flush_all
 .text          0x0000000008017220      0x1e0 ../Sprint_1_ver_2_bsp/\libhal_bsp.a(alt_iic.o)
                0x0000000008017220                alt_ic_isr_register
                0x0000000008017270                alt_ic_irq_enable
                0x0000000008017310                alt_ic_irq_disable
                0x00000000080173b4                alt_ic_irq_enabled
 .text          0x0000000008017400       0xf0 ../Sprint_1_ver_2_bsp/\libhal_bsp.a(alt_iic_isr_register.o)
                0x0000000008017400                alt_iic_isr_register
 .text          0x00000000080174f0      0x158 ../Sprint_1_ver_2_bsp/\libhal_bsp.a(alt_io_redirect.o)
                0x00000000080175d0                alt_io_redirect
 .text          0x0000000008017648        0x0 ../Sprint_1_ver_2_bsp/\libhal_bsp.a(alt_irq_entry.o)
 .text          0x0000000008017648        0x0 ../Sprint_1_ver_2_bsp/\libhal_bsp.a(alt_irq_handler.o)
 .text          0x0000000008017648      0x2a4 ../Sprint_1_ver_2_bsp/\libhal_bsp.a(alt_open.o)
                0x000000000801778c                open
 .text          0x00000000080178ec      0x19c ../Sprint_1_ver_2_bsp/\libhal_bsp.a(alt_tick.o)
                0x00000000080178ec                alt_alarm_stop
                0x0000000008017984                alt_tick
 .text          0x0000000008017a88       0x20 ../Sprint_1_ver_2_bsp/\libhal_bsp.a(altera_nios2_qsys_irq.o)
                0x0000000008017a88                altera_nios2_qsys_irq_init
 .text          0x0000000008017aa8        0x0 ../Sprint_1_ver_2_bsp/\libhal_bsp.a(alt_exception_entry.o)
 .text          0x0000000008017aa8      0x114 ../Sprint_1_ver_2_bsp/\libhal_bsp.a(alt_find_file.o)
                0x0000000008017aa8                alt_find_file
 .text          0x0000000008017bbc       0xd4 ../Sprint_1_ver_2_bsp/\libhal_bsp.a(alt_get_fd.o)
                0x0000000008017bbc                alt_get_fd
 .text          0x0000000008017c90       0x14 c:/altera/15.0/nios2eds/bin/gnu/h-x86_64-mingw32/bin/../lib/gcc/nios2-elf/4.9.1/../../../../../H-x86_64-mingw32/nios2-elf/lib/mno-hw-mul\libc.a(lib_a-atexit.o)
                0x0000000008017c90                atexit
 .text          0x0000000008017ca4       0x38 c:/altera/15.0/nios2eds/bin/gnu/h-x86_64-mingw32/bin/../lib/gcc/nios2-elf/4.9.1/../../../../../H-x86_64-mingw32/nios2-elf/lib/mno-hw-mul\libc.a(lib_a-exit.o)
                0x0000000008017ca4                exit
 .text          0x0000000008017cdc       0x7c c:/altera/15.0/nios2eds/bin/gnu/h-x86_64-mingw32/bin/../lib/gcc/nios2-elf/4.9.1/../../../../../H-x86_64-mingw32/nios2-elf/lib/mno-hw-mul\libc.a(lib_a-memcmp.o)
                0x0000000008017cdc                memcmp
 .text          0x0000000008017d58      0x114 c:/altera/15.0/nios2eds/bin/gnu/h-x86_64-mingw32/bin/../lib/gcc/nios2-elf/4.9.1/../../../../../H-x86_64-mingw32/nios2-elf/lib/mno-hw-mul\libc.a(lib_a-__atexit.o)
                0x0000000008017d58                __register_exitproc
 .text          0x0000000008017e6c      0x194 c:/altera/15.0/nios2eds/bin/gnu/h-x86_64-mingw32/bin/../lib/gcc/nios2-elf/4.9.1/../../../../../H-x86_64-mingw32/nios2-elf/lib/mno-hw-mul\libc.a(lib_a-__call_atexit.o)
                0x0000000008017e6c                __call_exitprocs
 .text          0x0000000008018000       0x34 ../Sprint_1_ver_2_bsp/\libhal_bsp.a(alt_exit.o)
                0x0000000008018000                _exit
 *(.gnu.warning.*)
 *(.fini)
                0x0000000008018034                PROVIDE (__etext, ABSOLUTE (.))
                0x0000000008018034                PROVIDE (_etext, ABSOLUTE (.))
                0x0000000008018034                PROVIDE (etext, ABSOLUTE (.))
 *(.eh_frame_hdr)
                0x0000000008018034                . = ALIGN (0x4)
                0x0000000008018034                PROVIDE (__preinit_array_start, ABSOLUTE (.))
 *(.preinit_array)
                0x0000000008018034                PROVIDE (__preinit_array_end, ABSOLUTE (.))
                0x0000000008018034                PROVIDE (__init_array_start, ABSOLUTE (.))
 *(.init_array)
                0x0000000008018034                PROVIDE (__init_array_end, ABSOLUTE (.))
                0x0000000008018034                PROVIDE (__fini_array_start, ABSOLUTE (.))
 *(.fini_array)
                0x0000000008018034                PROVIDE (__fini_array_end, ABSOLUTE (.))
 *(.eh_frame)
 *(.gcc_except_table .gcc_except_table.*)
 *(.dynamic)
                0x0000000008018034                PROVIDE (__CTOR_LIST__, ABSOLUTE (.))
 *(.ctors)
 *(SORT(.ctors.*))
                0x0000000008018034                PROVIDE (__CTOR_END__, ABSOLUTE (.))
                0x0000000008018034                PROVIDE (__DTOR_LIST__, ABSOLUTE (.))
 *(.dtors)
 *(SORT(.dtors.*))
                0x0000000008018034                PROVIDE (__DTOR_END__, ABSOLUTE (.))
 *(.jcr)
                0x0000000008018034                . = ALIGN (0x4)

.rodata         0x0000000008018034    0x7cfb8
                0x0000000008018034                PROVIDE (__ram_rodata_start, ABSOLUTE (.))
                0x0000000008018034                . = ALIGN (0x4)
 *(.rodata .rodata.* .gnu.linkonce.r.*)
 .rodata        0x0000000008018034      0x400 obj/default/ColourPallette.o
                0x0000000008018034                ColourPalletteData
 .rodata        0x0000000008018434     0xa524 obj/default/Fonts.o
                0x0000000008018434                Font5x7
                0x00000000080186ce                Font10x14
                0x0000000008019132                Font16x27
                0x000000000801a53c                Font22x40
                0x000000000801d1c4                Font38x59
 .rodata        0x0000000008022958       0x2c obj/default/GPS.o
 .rodata        0x0000000008022984    0x1ee30 obj/default/KeyPad.o
                0x0000000008022984                key0
                0x00000000080281ec                key1
                0x0000000008029e1c                key2
                0x000000000802ba4c                key3
                0x000000000802d67c                key4
                0x000000000802f2ac                key5
                0x0000000008030edc                key6
                0x0000000008032b0c                key7
                0x000000000803473c                key8
                0x000000000803636c                key9
                0x0000000008037f9c                keyback
                0x0000000008039bcc                keyok
                0x000000000803f47c                passBox
                0x0000000008041524                passDot
 .rodata        0x00000000080417b4     0xccff obj/default/ProgressBar.o
                0x00000000080417b4                prog1
                0x0000000008045c09                prog2
                0x000000000804a05e                prog3
 *fill*         0x000000000804e4b3        0x1 
 .rodata        0x000000000804e4b4     0xe8e0 obj/default/ScreenErr.o
                0x000000000804e4b4                err
 .rodata        0x000000000805cd94     0xd6cc obj/default/ScreenOne.o
                0x000000000805cd94                passport
 .rodata        0x000000000806a460    0x1a484 obj/default/ScreenThree.o
                0x000000000806a460                tickets
 .rodata        0x00000000080848e4       0x18 obj/default/ScreenTwo.o
 .rodata        0x00000000080848fc     0xfd9c obj/default/ScreenZero.o
                0x00000000080848fc                logo
 .rodata        0x0000000008094698       0x18 obj/default/Timer.o
 .rodata        0x00000000080946b0       0x3c obj/default/Touchscreen.o
 .rodata        0x00000000080946ec       0x18 obj/default/Wifi.o
 .rodata        0x0000000008094704       0xa4 obj/default/graphics.o
 .rodata        0x00000000080947a8      0x26c obj/default/hello_world.o
 .rodata        0x0000000008094a14      0x100 c:/altera/15.0/nios2eds/bin/gnu/h-x86_64-mingw32/bin/../lib/gcc/nios2-elf/4.9.1/mno-hw-mul\libgcc.a(_clz.o)
                0x0000000008094a14                __clz_tab
 .rodata.str1.4
                0x0000000008094b14        0x2 c:/altera/15.0/nios2eds/bin/gnu/h-x86_64-mingw32/bin/../lib/gcc/nios2-elf/4.9.1/../../../../../H-x86_64-mingw32/nios2-elf/lib/mno-hw-mul\libc.a(lib_a-puts.o)
                                          0x4 (size before relaxing)
 *fill*         0x0000000008094b16        0x2 
 .rodata.str1.4
                0x0000000008094b18       0x42 c:/altera/15.0/nios2eds/bin/gnu/h-x86_64-mingw32/bin/../lib/gcc/nios2-elf/4.9.1/../../../../../H-x86_64-mingw32/nios2-elf/lib/mno-hw-mul\libc.a(lib_a-svfprintf.o)
                                         0x44 (size before relaxing)
 .rodata        0x0000000008094b5a       0x20 c:/altera/15.0/nios2eds/bin/gnu/h-x86_64-mingw32/bin/../lib/gcc/nios2-elf/4.9.1/../../../../../H-x86_64-mingw32/nios2-elf/lib/mno-hw-mul\libc.a(lib_a-svfprintf.o)
 .rodata.str1.4
                0x0000000000000000       0x44 c:/altera/15.0/nios2eds/bin/gnu/h-x86_64-mingw32/bin/../lib/gcc/nios2-elf/4.9.1/../../../../../H-x86_64-mingw32/nios2-elf/lib/mno-hw-mul\libc.a(lib_a-vfprintf.o)
 .rodata        0x0000000008094b7a       0x20 c:/altera/15.0/nios2eds/bin/gnu/h-x86_64-mingw32/bin/../lib/gcc/nios2-elf/4.9.1/../../../../../H-x86_64-mingw32/nios2-elf/lib/mno-hw-mul\libc.a(lib_a-vfprintf.o)
 .rodata        0x0000000008094b9a      0x281 c:/altera/15.0/nios2eds/bin/gnu/h-x86_64-mingw32/bin/../lib/gcc/nios2-elf/4.9.1/../../../../../H-x86_64-mingw32/nios2-elf/lib/mno-hw-mul\libc.a(lib_a-ctype_.o)
                0x0000000008094b9a                _ctype_
 *fill*         0x0000000008094e1b        0x1 
 .rodata.str1.4
                0x0000000008094e1c       0x10 c:/altera/15.0/nios2eds/bin/gnu/h-x86_64-mingw32/bin/../lib/gcc/nios2-elf/4.9.1/../../../../../H-x86_64-mingw32/nios2-elf/lib/mno-hw-mul\libc.a(lib_a-dtoa.o)
                                         0x14 (size before relaxing)
 .rodata.str1.4
                0x0000000008094e2c        0x2 c:/altera/15.0/nios2eds/bin/gnu/h-x86_64-mingw32/bin/../lib/gcc/nios2-elf/4.9.1/../../../../../H-x86_64-mingw32/nios2-elf/lib/mno-hw-mul\libc.a(lib_a-impure.o)
                                          0x4 (size before relaxing)
 *fill*         0x0000000008094e2e        0x2 
 .rodata.str1.4
                0x0000000008094e30        0xc c:/altera/15.0/nios2eds/bin/gnu/h-x86_64-mingw32/bin/../lib/gcc/nios2-elf/4.9.1/../../../../../H-x86_64-mingw32/nios2-elf/lib/mno-hw-mul\libc.a(lib_a-locale.o)
                                         0x14 (size before relaxing)
 .rodata        0x0000000008094e3c      0x124 c:/altera/15.0/nios2eds/bin/gnu/h-x86_64-mingw32/bin/../lib/gcc/nios2-elf/4.9.1/../../../../../H-x86_64-mingw32/nios2-elf/lib/mno-hw-mul\libc.a(lib_a-mprec.o)
                0x0000000008094e48                __mprec_tinytens
                0x0000000008094e70                __mprec_bigtens
                0x0000000008094e98                __mprec_tens
 .rodata.str1.4
                0x0000000000000000       0x30 c:/altera/15.0/nios2eds/bin/gnu/h-x86_64-mingw32/bin/../lib/gcc/nios2-elf/4.9.1/../../../../../H-x86_64-mingw32/nios2-elf/lib/mno-hw-mul\libc.a(lib_a-svfiprintf.o)
 .rodata        0x0000000008094f60       0x20 c:/altera/15.0/nios2eds/bin/gnu/h-x86_64-mingw32/bin/../lib/gcc/nios2-elf/4.9.1/../../../../../H-x86_64-mingw32/nios2-elf/lib/mno-hw-mul\libc.a(lib_a-svfiprintf.o)
 .rodata.str1.4
                0x0000000000000000       0x30 c:/altera/15.0/nios2eds/bin/gnu/h-x86_64-mingw32/bin/../lib/gcc/nios2-elf/4.9.1/../../../../../H-x86_64-mingw32/nios2-elf/lib/mno-hw-mul\libc.a(lib_a-vfiprintf.o)
 .rodata        0x0000000008094f80       0x20 c:/altera/15.0/nios2eds/bin/gnu/h-x86_64-mingw32/bin/../lib/gcc/nios2-elf/4.9.1/../../../../../H-x86_64-mingw32/nios2-elf/lib/mno-hw-mul\libc.a(lib_a-vfiprintf.o)
 .rodata        0x0000000008094fa0        0xc ../Sprint_1_ver_2_bsp/\libhal_bsp.a(alt_dev.o)
 .rodata        0x0000000008094fac       0x14 ../Sprint_1_ver_2_bsp/\libhal_bsp.a(alt_main.o)
 .rodata        0x0000000008094fc0       0x2c ../Sprint_1_ver_2_bsp/\libhal_bsp.a(alt_sys_init.o)
 *(.rodata1)
                0x0000000008094fec                . = ALIGN (0x4)
                0x0000000008094fec                PROVIDE (__ram_rodata_end, ABSOLUTE (.))
                0x0000000008018034                PROVIDE (__flash_rodata_start, LOADADDR (.rodata))

.rwdata         0x0000000008094fec     0x1b20 load address 0x0000000008096b0c
                0x0000000008094fec                PROVIDE (__ram_rwdata_start, ABSOLUTE (.))
                0x0000000008094fec                . = ALIGN (0x4)
 *(.got.plt)
 *(.got)
 *(.data1)
 *(.data .data.* .gnu.linkonce.d.*)
 .data          0x0000000008094fec        0x0 ../Sprint_1_ver_2_bsp//obj/HAL/src/crt0.o
 .data          0x0000000008094fec        0x0 obj/default/ColourPallette.o
 .data          0x0000000008094fec        0x0 obj/default/Draw.o
 .data          0x0000000008094fec        0x0 obj/default/Fill.o
 .data          0x0000000008094fec        0x0 obj/default/Fonts.o
 .data          0x0000000008094fec        0x0 obj/default/GPS.o
 .data          0x0000000008094fec        0x0 obj/default/KeyPad.o
 .data          0x0000000008094fec        0x0 obj/default/OutGraphicsCharFont1.o
 .data          0x0000000008094fec        0x0 obj/default/OutGraphicsCharFont2.o
 .data          0x0000000008094fec        0x0 obj/default/ProgressBar.o
 .data          0x0000000008094fec        0x0 obj/default/SHA256.o
 .data          0x0000000008094fec        0x0 obj/default/ScreenErr.o
 .data          0x0000000008094fec        0x0 obj/default/ScreenOne.o
 .data          0x0000000008094fec        0x0 obj/default/ScreenThree.o
 .data          0x0000000008094fec        0x0 obj/default/ScreenTwo.o
 .data          0x0000000008094fec        0x0 obj/default/ScreenZero.o
 .data          0x0000000008094fec        0x0 obj/default/Timer.o
 .data          0x0000000008094fec        0x0 obj/default/Touchscreen.o
 .data          0x0000000008094fec        0x0 obj/default/TouchscreenKeypress.o
 .data          0x0000000008094fec        0x0 obj/default/Wifi.o
 .data          0x0000000008094fec        0x0 obj/default/graphics.o
 .data          0x0000000008094fec        0x0 obj/default/hello_world.o
 .data          0x0000000008094fec        0x0 c:/altera/15.0/nios2eds/bin/gnu/h-x86_64-mingw32/bin/../lib/gcc/nios2-elf/4.9.1/mno-hw-mul\libgcc.a(lib2-divmod.o)
 .data          0x0000000008094fec        0x0 c:/altera/15.0/nios2eds/bin/gnu/h-x86_64-mingw32/bin/../lib/gcc/nios2-elf/4.9.1/mno-hw-mul\libgcc.a(lib2-mul.o)
 .data          0x0000000008094fec        0x0 c:/altera/15.0/nios2eds/bin/gnu/h-x86_64-mingw32/bin/../lib/gcc/nios2-elf/4.9.1/mno-hw-mul\libgcc.a(muldf3.o)
 .data          0x0000000008094fec        0x0 c:/altera/15.0/nios2eds/bin/gnu/h-x86_64-mingw32/bin/../lib/gcc/nios2-elf/4.9.1/mno-hw-mul\libgcc.a(fixdfsi.o)
 .data          0x0000000008094fec        0x0 c:/altera/15.0/nios2eds/bin/gnu/h-x86_64-mingw32/bin/../lib/gcc/nios2-elf/4.9.1/mno-hw-mul\libgcc.a(floatsidf.o)
 .data          0x0000000008094fec        0x0 c:/altera/15.0/nios2eds/bin/gnu/h-x86_64-mingw32/bin/../lib/gcc/nios2-elf/4.9.1/mno-hw-mul\libgcc.a(_clzsi2.o)
 .data          0x0000000008094fec        0x0 c:/altera/15.0/nios2eds/bin/gnu/h-x86_64-mingw32/bin/../lib/gcc/nios2-elf/4.9.1/mno-hw-mul\libgcc.a(_clz.o)
 .data          0x0000000008094fec        0x0 c:/altera/15.0/nios2eds/bin/gnu/h-x86_64-mingw32/bin/../lib/gcc/nios2-elf/4.9.1/../../../../../H-x86_64-mingw32/nios2-elf/lib/mno-hw-mul\libc.a(lib_a-atoi.o)
 .data          0x0000000008094fec        0x0 c:/altera/15.0/nios2eds/bin/gnu/h-x86_64-mingw32/bin/../lib/gcc/nios2-elf/4.9.1/../../../../../H-x86_64-mingw32/nios2-elf/lib/mno-hw-mul\libc.a(lib_a-malloc.o)
 .data          0x0000000008094fec      0x408 c:/altera/15.0/nios2eds/bin/gnu/h-x86_64-mingw32/bin/../lib/gcc/nios2-elf/4.9.1/../../../../../H-x86_64-mingw32/nios2-elf/lib/mno-hw-mul\libc.a(lib_a-mallocr.o)
                0x0000000008094fec                __malloc_av_
 .data          0x00000000080953f4        0x0 c:/altera/15.0/nios2eds/bin/gnu/h-x86_64-mingw32/bin/../lib/gcc/nios2-elf/4.9.1/../../../../../H-x86_64-mingw32/nios2-elf/lib/mno-hw-mul\libc.a(lib_a-printf.o)
 .data          0x00000000080953f4        0x0 c:/altera/15.0/nios2eds/bin/gnu/h-x86_64-mingw32/bin/../lib/gcc/nios2-elf/4.9.1/../../../../../H-x86_64-mingw32/nios2-elf/lib/mno-hw-mul\libc.a(lib_a-putchar.o)
 .data          0x00000000080953f4        0x0 c:/altera/15.0/nios2eds/bin/gnu/h-x86_64-mingw32/bin/../lib/gcc/nios2-elf/4.9.1/../../../../../H-x86_64-mingw32/nios2-elf/lib/mno-hw-mul\libc.a(lib_a-puts.o)
 .data          0x00000000080953f4        0x0 c:/altera/15.0/nios2eds/bin/gnu/h-x86_64-mingw32/bin/../lib/gcc/nios2-elf/4.9.1/../../../../../H-x86_64-mingw32/nios2-elf/lib/mno-hw-mul\libc.a(lib_a-rand.o)
 .data          0x00000000080953f4        0x0 c:/altera/15.0/nios2eds/bin/gnu/h-x86_64-mingw32/bin/../lib/gcc/nios2-elf/4.9.1/../../../../../H-x86_64-mingw32/nios2-elf/lib/mno-hw-mul\libc.a(lib_a-sbrkr.o)
 .data          0x00000000080953f4        0x0 c:/altera/15.0/nios2eds/bin/gnu/h-x86_64-mingw32/bin/../lib/gcc/nios2-elf/4.9.1/../../../../../H-x86_64-mingw32/nios2-elf/lib/mno-hw-mul\libc.a(lib_a-snprintf.o)
 .data          0x00000000080953f4        0x0 c:/altera/15.0/nios2eds/bin/gnu/h-x86_64-mingw32/bin/../lib/gcc/nios2-elf/4.9.1/../../../../../H-x86_64-mingw32/nios2-elf/lib/mno-hw-mul\libc.a(lib_a-strlen.o)
 .data          0x00000000080953f4        0x0 c:/altera/15.0/nios2eds/bin/gnu/h-x86_64-mingw32/bin/../lib/gcc/nios2-elf/4.9.1/../../../../../H-x86_64-mingw32/nios2-elf/lib/mno-hw-mul\libc.a(lib_a-strtol.o)
 .data          0x00000000080953f4        0x0 c:/altera/15.0/nios2eds/bin/gnu/h-x86_64-mingw32/bin/../lib/gcc/nios2-elf/4.9.1/../../../../../H-x86_64-mingw32/nios2-elf/lib/mno-hw-mul\libc.a(lib_a-svfprintf.o)
 .data          0x00000000080953f4        0x0 c:/altera/15.0/nios2eds/bin/gnu/h-x86_64-mingw32/bin/../lib/gcc/nios2-elf/4.9.1/../../../../../H-x86_64-mingw32/nios2-elf/lib/mno-hw-mul\libc.a(lib_a-vfprintf.o)
 .data          0x00000000080953f4        0x0 c:/altera/15.0/nios2eds/bin/gnu/h-x86_64-mingw32/bin/../lib/gcc/nios2-elf/4.9.1/../../../../../H-x86_64-mingw32/nios2-elf/lib/mno-hw-mul\libc.a(lib_a-wsetup.o)
 .data          0x00000000080953f4        0x0 c:/altera/15.0/nios2eds/bin/gnu/h-x86_64-mingw32/bin/../lib/gcc/nios2-elf/4.9.1/../../../../../H-x86_64-mingw32/nios2-elf/lib/mno-hw-mul\libc.a(lib_a-ctype_.o)
 .data          0x00000000080953f4        0x0 c:/altera/15.0/nios2eds/bin/gnu/h-x86_64-mingw32/bin/../lib/gcc/nios2-elf/4.9.1/../../../../../H-x86_64-mingw32/nios2-elf/lib/mno-hw-mul\libc.a(lib_a-dtoa.o)
 .data          0x00000000080953f4        0x0 c:/altera/15.0/nios2eds/bin/gnu/h-x86_64-mingw32/bin/../lib/gcc/nios2-elf/4.9.1/../../../../../H-x86_64-mingw32/nios2-elf/lib/mno-hw-mul\libc.a(lib_a-fflush.o)
 .data          0x00000000080953f4        0x0 c:/altera/15.0/nios2eds/bin/gnu/h-x86_64-mingw32/bin/../lib/gcc/nios2-elf/4.9.1/../../../../../H-x86_64-mingw32/nios2-elf/lib/mno-hw-mul\libc.a(lib_a-findfp.o)
 .data          0x00000000080953f4        0x0 c:/altera/15.0/nios2eds/bin/gnu/h-x86_64-mingw32/bin/../lib/gcc/nios2-elf/4.9.1/../../../../../H-x86_64-mingw32/nios2-elf/lib/mno-hw-mul\libc.a(lib_a-freer.o)
 .data          0x00000000080953f4        0x0 c:/altera/15.0/nios2eds/bin/gnu/h-x86_64-mingw32/bin/../lib/gcc/nios2-elf/4.9.1/../../../../../H-x86_64-mingw32/nios2-elf/lib/mno-hw-mul\libc.a(lib_a-fvwrite.o)
 .data          0x00000000080953f4        0x0 c:/altera/15.0/nios2eds/bin/gnu/h-x86_64-mingw32/bin/../lib/gcc/nios2-elf/4.9.1/../../../../../H-x86_64-mingw32/nios2-elf/lib/mno-hw-mul\libc.a(lib_a-fwalk.o)
 .data          0x00000000080953f4      0x424 c:/altera/15.0/nios2eds/bin/gnu/h-x86_64-mingw32/bin/../lib/gcc/nios2-elf/4.9.1/../../../../../H-x86_64-mingw32/nios2-elf/lib/mno-hw-mul\libc.a(lib_a-impure.o)
 .data          0x0000000008095818        0x0 c:/altera/15.0/nios2eds/bin/gnu/h-x86_64-mingw32/bin/../lib/gcc/nios2-elf/4.9.1/../../../../../H-x86_64-mingw32/nios2-elf/lib/mno-hw-mul\libc.a(lib_a-int_errno.o)
 .data          0x0000000008095818       0x78 c:/altera/15.0/nios2eds/bin/gnu/h-x86_64-mingw32/bin/../lib/gcc/nios2-elf/4.9.1/../../../../../H-x86_64-mingw32/nios2-elf/lib/mno-hw-mul\libc.a(lib_a-locale.o)
 .data          0x0000000008095890        0x0 c:/altera/15.0/nios2eds/bin/gnu/h-x86_64-mingw32/bin/../lib/gcc/nios2-elf/4.9.1/../../../../../H-x86_64-mingw32/nios2-elf/lib/mno-hw-mul\libc.a(lib_a-makebuf.o)
 .data          0x0000000008095890        0x0 c:/altera/15.0/nios2eds/bin/gnu/h-x86_64-mingw32/bin/../lib/gcc/nios2-elf/4.9.1/../../../../../H-x86_64-mingw32/nios2-elf/lib/mno-hw-mul\libc.a(lib_a-memchr.o)
 .data          0x0000000008095890        0x0 c:/altera/15.0/nios2eds/bin/gnu/h-x86_64-mingw32/bin/../lib/gcc/nios2-elf/4.9.1/../../../../../H-x86_64-mingw32/nios2-elf/lib/mno-hw-mul\libc.a(lib_a-memcpy.o)
 .data          0x0000000008095890        0x0 c:/altera/15.0/nios2eds/bin/gnu/h-x86_64-mingw32/bin/../lib/gcc/nios2-elf/4.9.1/../../../../../H-x86_64-mingw32/nios2-elf/lib/mno-hw-mul\libc.a(lib_a-memmove.o)
 .data          0x0000000008095890        0x0 c:/altera/15.0/nios2eds/bin/gnu/h-x86_64-mingw32/bin/../lib/gcc/nios2-elf/4.9.1/../../../../../H-x86_64-mingw32/nios2-elf/lib/mno-hw-mul\libc.a(lib_a-memset.o)
 .data          0x0000000008095890        0x0 c:/altera/15.0/nios2eds/bin/gnu/h-x86_64-mingw32/bin/../lib/gcc/nios2-elf/4.9.1/../../../../../H-x86_64-mingw32/nios2-elf/lib/mno-hw-mul\libc.a(lib_a-mprec.o)
 .data          0x0000000008095890        0x0 c:/altera/15.0/nios2eds/bin/gnu/h-x86_64-mingw32/bin/../lib/gcc/nios2-elf/4.9.1/../../../../../H-x86_64-mingw32/nios2-elf/lib/mno-hw-mul\libc.a(lib_a-putc.o)
 .data          0x0000000008095890        0x0 c:/altera/15.0/nios2eds/bin/gnu/h-x86_64-mingw32/bin/../lib/gcc/nios2-elf/4.9.1/../../../../../H-x86_64-mingw32/nios2-elf/lib/mno-hw-mul\libc.a(lib_a-reallocr.o)
 .data          0x0000000008095890        0x0 c:/altera/15.0/nios2eds/bin/gnu/h-x86_64-mingw32/bin/../lib/gcc/nios2-elf/4.9.1/../../../../../H-x86_64-mingw32/nios2-elf/lib/mno-hw-mul\libc.a(lib_a-s_fpclassify.o)
 .data          0x0000000008095890        0x0 c:/altera/15.0/nios2eds/bin/gnu/h-x86_64-mingw32/bin/../lib/gcc/nios2-elf/4.9.1/../../../../../H-x86_64-mingw32/nios2-elf/lib/mno-hw-mul\libc.a(lib_a-stdio.o)
 .data          0x0000000008095890        0x0 c:/altera/15.0/nios2eds/bin/gnu/h-x86_64-mingw32/bin/../lib/gcc/nios2-elf/4.9.1/../../../../../H-x86_64-mingw32/nios2-elf/lib/mno-hw-mul\libc.a(lib_a-strcmp.o)
 .data          0x0000000008095890        0x0 c:/altera/15.0/nios2eds/bin/gnu/h-x86_64-mingw32/bin/../lib/gcc/nios2-elf/4.9.1/../../../../../H-x86_64-mingw32/nios2-elf/lib/mno-hw-mul\libc.a(lib_a-svfiprintf.o)
 .data          0x0000000008095890        0x0 c:/altera/15.0/nios2eds/bin/gnu/h-x86_64-mingw32/bin/../lib/gcc/nios2-elf/4.9.1/../../../../../H-x86_64-mingw32/nios2-elf/lib/mno-hw-mul\libc.a(lib_a-vfiprintf.o)
 .data          0x0000000008095890        0x0 c:/altera/15.0/nios2eds/bin/gnu/h-x86_64-mingw32/bin/../lib/gcc/nios2-elf/4.9.1/../../../../../H-x86_64-mingw32/nios2-elf/lib/mno-hw-mul\libc.a(lib_a-wbuf.o)
 .data          0x0000000008095890        0x0 c:/altera/15.0/nios2eds/bin/gnu/h-x86_64-mingw32/bin/../lib/gcc/nios2-elf/4.9.1/../../../../../H-x86_64-mingw32/nios2-elf/lib/mno-hw-mul\libc.a(lib_a-writer.o)
 .data          0x0000000008095890        0x0 c:/altera/15.0/nios2eds/bin/gnu/h-x86_64-mingw32/bin/../lib/gcc/nios2-elf/4.9.1/../../../../../H-x86_64-mingw32/nios2-elf/lib/mno-hw-mul\libc.a(closer.o)
 .data          0x0000000008095890        0x0 c:/altera/15.0/nios2eds/bin/gnu/h-x86_64-mingw32/bin/../lib/gcc/nios2-elf/4.9.1/../../../../../H-x86_64-mingw32/nios2-elf/lib/mno-hw-mul\libc.a(lib_a-callocr.o)
 .data          0x0000000008095890        0x0 c:/altera/15.0/nios2eds/bin/gnu/h-x86_64-mingw32/bin/../lib/gcc/nios2-elf/4.9.1/../../../../../H-x86_64-mingw32/nios2-elf/lib/mno-hw-mul\libc.a(lib_a-fclose.o)
 .data          0x0000000008095890        0x0 c:/altera/15.0/nios2eds/bin/gnu/h-x86_64-mingw32/bin/../lib/gcc/nios2-elf/4.9.1/../../../../../H-x86_64-mingw32/nios2-elf/lib/mno-hw-mul\libc.a(lib_a-fputwc.o)
 .data          0x0000000008095890        0x0 c:/altera/15.0/nios2eds/bin/gnu/h-x86_64-mingw32/bin/../lib/gcc/nios2-elf/4.9.1/../../../../../H-x86_64-mingw32/nios2-elf/lib/mno-hw-mul\libc.a(lib_a-fstatr.o)
 .data          0x0000000008095890        0x0 c:/altera/15.0/nios2eds/bin/gnu/h-x86_64-mingw32/bin/../lib/gcc/nios2-elf/4.9.1/../../../../../H-x86_64-mingw32/nios2-elf/lib/mno-hw-mul\libc.a(lib_a-isattyr.o)
 .data          0x0000000008095890        0x0 c:/altera/15.0/nios2eds/bin/gnu/h-x86_64-mingw32/bin/../lib/gcc/nios2-elf/4.9.1/../../../../../H-x86_64-mingw32/nios2-elf/lib/mno-hw-mul\libc.a(lib_a-lseekr.o)
 .data          0x0000000008095890        0x0 c:/altera/15.0/nios2eds/bin/gnu/h-x86_64-mingw32/bin/../lib/gcc/nios2-elf/4.9.1/../../../../../H-x86_64-mingw32/nios2-elf/lib/mno-hw-mul\libc.a(lib_a-readr.o)
 .data          0x0000000008095890        0x0 c:/altera/15.0/nios2eds/bin/gnu/h-x86_64-mingw32/bin/../lib/gcc/nios2-elf/4.9.1/../../../../../H-x86_64-mingw32/nios2-elf/lib/mno-hw-mul\libc.a(lib_a-wcrtomb.o)
 .data          0x0000000008095890        0x0 c:/altera/15.0/nios2eds/bin/gnu/h-x86_64-mingw32/bin/../lib/gcc/nios2-elf/4.9.1/../../../../../H-x86_64-mingw32/nios2-elf/lib/mno-hw-mul\libc.a(lib_a-wctomb_r.o)
 .data          0x0000000008095890        0x0 c:/altera/15.0/nios2eds/bin/gnu/h-x86_64-mingw32/bin/../lib/gcc/nios2-elf/4.9.1/mno-hw-mul\libgcc.a(_muldi3.o)
 .data          0x0000000008095890        0x0 c:/altera/15.0/nios2eds/bin/gnu/h-x86_64-mingw32/bin/../lib/gcc/nios2-elf/4.9.1/mno-hw-mul\libgcc.a(_udivdi3.o)
 .data          0x0000000008095890        0x0 c:/altera/15.0/nios2eds/bin/gnu/h-x86_64-mingw32/bin/../lib/gcc/nios2-elf/4.9.1/mno-hw-mul\libgcc.a(_umoddi3.o)
 .data          0x0000000008095890        0x0 c:/altera/15.0/nios2eds/bin/gnu/h-x86_64-mingw32/bin/../lib/gcc/nios2-elf/4.9.1/mno-hw-mul\libgcc.a(adddf3.o)
 .data          0x0000000008095890        0x0 c:/altera/15.0/nios2eds/bin/gnu/h-x86_64-mingw32/bin/../lib/gcc/nios2-elf/4.9.1/mno-hw-mul\libgcc.a(divdf3.o)
 .data          0x0000000008095890        0x0 c:/altera/15.0/nios2eds/bin/gnu/h-x86_64-mingw32/bin/../lib/gcc/nios2-elf/4.9.1/mno-hw-mul\libgcc.a(eqdf2.o)
 .data          0x0000000008095890        0x0 c:/altera/15.0/nios2eds/bin/gnu/h-x86_64-mingw32/bin/../lib/gcc/nios2-elf/4.9.1/mno-hw-mul\libgcc.a(gedf2.o)
 .data          0x0000000008095890        0x0 c:/altera/15.0/nios2eds/bin/gnu/h-x86_64-mingw32/bin/../lib/gcc/nios2-elf/4.9.1/mno-hw-mul\libgcc.a(ledf2.o)
 .data          0x0000000008095890        0x0 c:/altera/15.0/nios2eds/bin/gnu/h-x86_64-mingw32/bin/../lib/gcc/nios2-elf/4.9.1/mno-hw-mul\libgcc.a(subdf3.o)
 .data          0x0000000008095890        0x0 c:/altera/15.0/nios2eds/bin/gnu/h-x86_64-mingw32/bin/../lib/gcc/nios2-elf/4.9.1/mno-hw-mul\libgcc.a(floatunsidf.o)
 .data          0x0000000008095890        0x0 ../Sprint_1_ver_2_bsp/\libhal_bsp.a(alt_close.o)
 .data          0x0000000008095890      0x1a8 ../Sprint_1_ver_2_bsp/\libhal_bsp.a(alt_dev.o)
                0x0000000008095890                alt_dev_null
                0x00000000080958b8                alt_fd_list
 .data          0x0000000008095a38        0x0 ../Sprint_1_ver_2_bsp/\libhal_bsp.a(alt_errno.o)
 .data          0x0000000008095a38        0x0 ../Sprint_1_ver_2_bsp/\libhal_bsp.a(alt_fstat.o)
 .data          0x0000000008095a38        0x0 ../Sprint_1_ver_2_bsp/\libhal_bsp.a(alt_irq_register.o)
 .data          0x0000000008095a38        0x0 ../Sprint_1_ver_2_bsp/\libhal_bsp.a(alt_irq_vars.o)
 .data          0x0000000008095a38        0x0 ../Sprint_1_ver_2_bsp/\libhal_bsp.a(alt_isatty.o)
 .data          0x0000000008095a38        0x0 ../Sprint_1_ver_2_bsp/\libhal_bsp.a(alt_load.o)
 .data          0x0000000008095a38        0x0 ../Sprint_1_ver_2_bsp/\libhal_bsp.a(alt_lseek.o)
 .data          0x0000000008095a38        0x0 ../Sprint_1_ver_2_bsp/\libhal_bsp.a(alt_main.o)
 .data          0x0000000008095a38        0x0 ../Sprint_1_ver_2_bsp/\libhal_bsp.a(alt_malloc_lock.o)
 .data          0x0000000008095a38        0x0 ../Sprint_1_ver_2_bsp/\libhal_bsp.a(alt_read.o)
 .data          0x0000000008095a38        0x0 ../Sprint_1_ver_2_bsp/\libhal_bsp.a(alt_release_fd.o)
 .data          0x0000000008095a38        0x0 ../Sprint_1_ver_2_bsp/\libhal_bsp.a(alt_sbrk.o)
 .data          0x0000000008095a38        0x0 ../Sprint_1_ver_2_bsp/\libhal_bsp.a(alt_usleep.o)
 .data          0x0000000008095a38        0x0 ../Sprint_1_ver_2_bsp/\libhal_bsp.a(alt_write.o)
 .data          0x0000000008095a38     0x108c ../Sprint_1_ver_2_bsp/\libhal_bsp.a(alt_sys_init.o)
 .data          0x0000000008096ac4        0x0 ../Sprint_1_ver_2_bsp/\libhal_bsp.a(altera_avalon_jtag_uart_fd.o)
 .data          0x0000000008096ac4        0x0 ../Sprint_1_ver_2_bsp/\libhal_bsp.a(altera_avalon_jtag_uart_init.o)
 .data          0x0000000008096ac4        0x0 ../Sprint_1_ver_2_bsp/\libhal_bsp.a(altera_avalon_jtag_uart_ioctl.o)
 .data          0x0000000008096ac4        0x0 ../Sprint_1_ver_2_bsp/\libhal_bsp.a(altera_avalon_jtag_uart_read.o)
 .data          0x0000000008096ac4        0x0 ../Sprint_1_ver_2_bsp/\libhal_bsp.a(altera_avalon_jtag_uart_write.o)
 .data          0x0000000008096ac4        0x0 ../Sprint_1_ver_2_bsp/\libhal_bsp.a(altera_avalon_timer_sc.o)
 .data          0x0000000008096ac4        0x0 ../Sprint_1_ver_2_bsp/\libhal_bsp.a(altera_up_avalon_character_lcd.o)
 .data          0x0000000008096ac4        0x0 ../Sprint_1_ver_2_bsp/\libhal_bsp.a(alt_alarm_start.o)
 .data          0x0000000008096ac4        0x0 ../Sprint_1_ver_2_bsp/\libhal_bsp.a(alt_busy_sleep.o)
 .data          0x0000000008096ac4        0x0 ../Sprint_1_ver_2_bsp/\libhal_bsp.a(alt_dcache_flush_all.o)
 .data          0x0000000008096ac4        0x0 ../Sprint_1_ver_2_bsp/\libhal_bsp.a(alt_dev_llist_insert.o)
 .data          0x0000000008096ac4        0x0 ../Sprint_1_ver_2_bsp/\libhal_bsp.a(alt_do_ctors.o)
 .data          0x0000000008096ac4        0x0 ../Sprint_1_ver_2_bsp/\libhal_bsp.a(alt_do_dtors.o)
 .data          0x0000000008096ac4        0x0 ../Sprint_1_ver_2_bsp/\libhal_bsp.a(alt_find_dev.o)
 .data          0x0000000008096ac4        0x0 ../Sprint_1_ver_2_bsp/\libhal_bsp.a(alt_icache_flush_all.o)
 .data          0x0000000008096ac4        0x0 ../Sprint_1_ver_2_bsp/\libhal_bsp.a(alt_iic.o)
 .data          0x0000000008096ac4        0x0 ../Sprint_1_ver_2_bsp/\libhal_bsp.a(alt_iic_isr_register.o)
 .data          0x0000000008096ac4        0x0 ../Sprint_1_ver_2_bsp/\libhal_bsp.a(alt_io_redirect.o)
 .data          0x0000000008096ac4        0x0 ../Sprint_1_ver_2_bsp/\libhal_bsp.a(alt_irq_entry.o)
 .data          0x0000000008096ac4        0x0 ../Sprint_1_ver_2_bsp/\libhal_bsp.a(alt_irq_handler.o)
 .data          0x0000000008096ac4        0x0 ../Sprint_1_ver_2_bsp/\libhal_bsp.a(alt_open.o)
 .data          0x0000000008096ac4        0x0 ../Sprint_1_ver_2_bsp/\libhal_bsp.a(alt_tick.o)
 .data          0x0000000008096ac4        0x0 ../Sprint_1_ver_2_bsp/\libhal_bsp.a(altera_nios2_qsys_irq.o)
 .data          0x0000000008096ac4        0x0 ../Sprint_1_ver_2_bsp/\libhal_bsp.a(alt_exception_entry.o)
 .data          0x0000000008096ac4        0x0 ../Sprint_1_ver_2_bsp/\libhal_bsp.a(alt_find_file.o)
 .data          0x0000000008096ac4        0x0 ../Sprint_1_ver_2_bsp/\libhal_bsp.a(alt_get_fd.o)
 .data          0x0000000008096ac4        0x0 c:/altera/15.0/nios2eds/bin/gnu/h-x86_64-mingw32/bin/../lib/gcc/nios2-elf/4.9.1/../../../../../H-x86_64-mingw32/nios2-elf/lib/mno-hw-mul\libc.a(lib_a-atexit.o)
 .data          0x0000000008096ac4        0x0 c:/altera/15.0/nios2eds/bin/gnu/h-x86_64-mingw32/bin/../lib/gcc/nios2-elf/4.9.1/../../../../../H-x86_64-mingw32/nios2-elf/lib/mno-hw-mul\libc.a(lib_a-exit.o)
 .data          0x0000000008096ac4        0x0 c:/altera/15.0/nios2eds/bin/gnu/h-x86_64-mingw32/bin/../lib/gcc/nios2-elf/4.9.1/../../../../../H-x86_64-mingw32/nios2-elf/lib/mno-hw-mul\libc.a(lib_a-memcmp.o)
 .data          0x0000000008096ac4        0x0 c:/altera/15.0/nios2eds/bin/gnu/h-x86_64-mingw32/bin/../lib/gcc/nios2-elf/4.9.1/../../../../../H-x86_64-mingw32/nios2-elf/lib/mno-hw-mul\libc.a(lib_a-__atexit.o)
 .data          0x0000000008096ac4        0x0 c:/altera/15.0/nios2eds/bin/gnu/h-x86_64-mingw32/bin/../lib/gcc/nios2-elf/4.9.1/../../../../../H-x86_64-mingw32/nios2-elf/lib/mno-hw-mul\libc.a(lib_a-__call_atexit.o)
 .data          0x0000000008096ac4        0x0 ../Sprint_1_ver_2_bsp/\libhal_bsp.a(alt_exit.o)
                0x000000000809eac4                _gp = ABSOLUTE ((. + 0x8000))
                0x000000000809eac4                PROVIDE (gp, _gp)
 *(.rwdata .rwdata.*)
 *(.sdata .sdata.* .gnu.linkonce.s.*)
 .sdata         0x0000000008096ac4        0x4 obj/default/Fill.o
                0x0000000008096ac4                Next
 .sdata         0x0000000008096ac8        0x8 c:/altera/15.0/nios2eds/bin/gnu/h-x86_64-mingw32/bin/../lib/gcc/nios2-elf/4.9.1/../../../../../H-x86_64-mingw32/nios2-elf/lib/mno-hw-mul\libc.a(lib_a-mallocr.o)
                0x0000000008096ac8                __malloc_sbrk_base
                0x0000000008096acc                __malloc_trim_threshold
 .sdata         0x0000000008096ad0        0x4 c:/altera/15.0/nios2eds/bin/gnu/h-x86_64-mingw32/bin/../lib/gcc/nios2-elf/4.9.1/../../../../../H-x86_64-mingw32/nios2-elf/lib/mno-hw-mul\libc.a(lib_a-ctype_.o)
                0x0000000008096ad0                __ctype_ptr__
 .sdata         0x0000000008096ad4        0x8 c:/altera/15.0/nios2eds/bin/gnu/h-x86_64-mingw32/bin/../lib/gcc/nios2-elf/4.9.1/../../../../../H-x86_64-mingw32/nios2-elf/lib/mno-hw-mul\libc.a(lib_a-impure.o)
                0x0000000008096ad4                _global_impure_ptr
                0x0000000008096ad8                _impure_ptr
 .sdata         0x0000000008096adc        0x4 c:/altera/15.0/nios2eds/bin/gnu/h-x86_64-mingw32/bin/../lib/gcc/nios2-elf/4.9.1/../../../../../H-x86_64-mingw32/nios2-elf/lib/mno-hw-mul\libc.a(lib_a-locale.o)
                0x0000000008096adc                __mb_cur_max
 .sdata         0x0000000008096ae0        0x4 c:/altera/15.0/nios2eds/bin/gnu/h-x86_64-mingw32/bin/../lib/gcc/nios2-elf/4.9.1/../../../../../H-x86_64-mingw32/nios2-elf/lib/mno-hw-mul\libc.a(lib_a-wctomb_r.o)
                0x0000000008096ae0                __wctomb
 .sdata         0x0000000008096ae4       0x14 ../Sprint_1_ver_2_bsp/\libhal_bsp.a(alt_dev.o)
                0x0000000008096ae4                alt_fs_list
                0x0000000008096aec                alt_dev_list
                0x0000000008096af4                alt_max_fd
 .sdata         0x0000000008096af8        0x4 ../Sprint_1_ver_2_bsp/\libhal_bsp.a(alt_errno.o)
                0x0000000008096af8                alt_errno
 .sdata         0x0000000008096afc        0x4 ../Sprint_1_ver_2_bsp/\libhal_bsp.a(alt_irq_vars.o)
                0x0000000008096afc                alt_priority_mask
 .sdata         0x0000000008096b00        0x4 ../Sprint_1_ver_2_bsp/\libhal_bsp.a(alt_sbrk.o)
 .sdata         0x0000000008096b04        0x8 ../Sprint_1_ver_2_bsp/\libhal_bsp.a(alt_tick.o)
                0x0000000008096b04                alt_alarm_list
 *(.sdata2 .sdata2.* .gnu.linkonce.s2.*)
                0x0000000008096b0c                . = ALIGN (0x4)
                0x0000000008096b0c                _edata = ABSOLUTE (.)
                0x0000000008096b0c                PROVIDE (edata, ABSOLUTE (.))
                0x0000000008096b0c                PROVIDE (__ram_rwdata_end, ABSOLUTE (.))
                0x0000000008096b0c                PROVIDE (__flash_rwdata_start, LOADADDR (.rwdata))

.bss            0x000000000809862c     0x22c8
                0x000000000809862c                __bss_start = ABSOLUTE (.)
                0x000000000809862c                PROVIDE (__sbss_start, ABSOLUTE (.))
                0x000000000809862c                PROVIDE (___sbss_start, ABSOLUTE (.))
 *(.dynsbss)
 *(.sbss .sbss.* .gnu.linkonce.sb.*)
 .sbss          0x000000000809862c       0x1a obj/default/KeyPad.o
                0x000000000809862c                attempts
                0x0000000008098630                state
                0x0000000008098634                count
                0x0000000008098638                security_code_index
                0x000000000809863c                wifi_info_of_interest
                0x0000000008098641                security_code
 *fill*         0x0000000008098646        0x2 
 .sbss          0x0000000008098648       0x10 obj/default/Touchscreen.o
                0x0000000008098648                p2
                0x0000000008098650                p1
 .sbss          0x0000000008098658        0x4 obj/default/TouchscreenKeypress.o
                0x0000000008098658                size
 .sbss          0x000000000809865c       0x16 obj/default/hello_world.o
                0x000000000809865c                k
                0x0000000008098660                update_interrupt_signal
                0x0000000008098664                wifi_counter
                0x0000000008098668                passenger
                0x000000000809866c                string_hour
                0x000000000809866f                single_character
                0x0000000008098670                char1
                0x0000000008098671                int_hour
 *fill*         0x0000000008098672        0x2 
 .sbss          0x0000000008098674        0xc c:/altera/15.0/nios2eds/bin/gnu/h-x86_64-mingw32/bin/../lib/gcc/nios2-elf/4.9.1/../../../../../H-x86_64-mingw32/nios2-elf/lib/mno-hw-mul\libc.a(lib_a-mallocr.o)
                0x0000000008098674                __malloc_max_total_mem
                0x0000000008098678                __malloc_max_sbrked_mem
                0x000000000809867c                __malloc_top_pad
 .sbss          0x0000000008098680        0x4 c:/altera/15.0/nios2eds/bin/gnu/h-x86_64-mingw32/bin/../lib/gcc/nios2-elf/4.9.1/../../../../../H-x86_64-mingw32/nios2-elf/lib/mno-hw-mul\libc.a(lib_a-int_errno.o)
                0x0000000008098680                errno
 .sbss          0x0000000008098684        0xc c:/altera/15.0/nios2eds/bin/gnu/h-x86_64-mingw32/bin/../lib/gcc/nios2-elf/4.9.1/../../../../../H-x86_64-mingw32/nios2-elf/lib/mno-hw-mul\libc.a(lib_a-locale.o)
                0x0000000008098684                _PathLocale
                0x0000000008098688                __mlocale_changed
                0x000000000809868c                __nlocale_changed
 .sbss          0x0000000008098690        0x4 ../Sprint_1_ver_2_bsp/\libhal_bsp.a(alt_irq_vars.o)
                0x0000000008098690                alt_irq_active
 .sbss          0x0000000008098694        0xc ../Sprint_1_ver_2_bsp/\libhal_bsp.a(alt_main.o)
                0x0000000008098694                alt_argc
                0x0000000008098698                alt_argv
                0x000000000809869c                alt_envp
 .sbss          0x00000000080986a0        0x8 ../Sprint_1_ver_2_bsp/\libhal_bsp.a(alt_tick.o)
                0x00000000080986a0                _alt_tick_rate
                0x00000000080986a4                _alt_nticks
 *(.sbss2 .sbss2.* .gnu.linkonce.sb2.*)
 *(.scommon)
                0x00000000080986a8                PROVIDE (__sbss_end, ABSOLUTE (.))
                0x00000000080986a8                PROVIDE (___sbss_end, ABSOLUTE (.))
 *(.dynbss)
 *(.bss .bss.* .gnu.linkonce.b.*)
 .bss           0x00000000080986a8        0x0 ../Sprint_1_ver_2_bsp//obj/HAL/src/crt0.o
 .bss           0x00000000080986a8        0x0 obj/default/ColourPallette.o
 .bss           0x00000000080986a8        0x0 obj/default/Draw.o
 .bss           0x00000000080986a8        0x0 obj/default/Fill.o
 .bss           0x00000000080986a8        0x0 obj/default/Fonts.o
 .bss           0x00000000080986a8        0x0 obj/default/GPS.o
 .bss           0x00000000080986a8        0x0 obj/default/KeyPad.o
 .bss           0x00000000080986a8        0x0 obj/default/OutGraphicsCharFont1.o
 .bss           0x00000000080986a8        0x0 obj/default/OutGraphicsCharFont2.o
 .bss           0x00000000080986a8        0x0 obj/default/ProgressBar.o
 .bss           0x00000000080986a8        0x0 obj/default/SHA256.o
 .bss           0x00000000080986a8        0x0 obj/default/ScreenErr.o
 .bss           0x00000000080986a8        0x0 obj/default/ScreenOne.o
 .bss           0x00000000080986a8        0x0 obj/default/ScreenThree.o
 .bss           0x00000000080986a8        0x0 obj/default/ScreenTwo.o
 .bss           0x00000000080986a8        0x0 obj/default/ScreenZero.o
 .bss           0x00000000080986a8        0x0 obj/default/Timer.o
 .bss           0x00000000080986a8        0x0 obj/default/Touchscreen.o
 .bss           0x00000000080986a8        0x0 obj/default/TouchscreenKeypress.o
 .bss           0x00000000080986a8        0x0 obj/default/Wifi.o
 .bss           0x00000000080986a8        0x0 obj/default/graphics.o
 .bss           0x00000000080986a8        0x0 obj/default/hello_world.o
 .bss           0x00000000080986a8        0x0 c:/altera/15.0/nios2eds/bin/gnu/h-x86_64-mingw32/bin/../lib/gcc/nios2-elf/4.9.1/mno-hw-mul\libgcc.a(lib2-divmod.o)
 .bss           0x00000000080986a8        0x0 c:/altera/15.0/nios2eds/bin/gnu/h-x86_64-mingw32/bin/../lib/gcc/nios2-elf/4.9.1/mno-hw-mul\libgcc.a(lib2-mul.o)
 .bss           0x00000000080986a8        0x0 c:/altera/15.0/nios2eds/bin/gnu/h-x86_64-mingw32/bin/../lib/gcc/nios2-elf/4.9.1/mno-hw-mul\libgcc.a(muldf3.o)
 .bss           0x00000000080986a8        0x0 c:/altera/15.0/nios2eds/bin/gnu/h-x86_64-mingw32/bin/../lib/gcc/nios2-elf/4.9.1/mno-hw-mul\libgcc.a(fixdfsi.o)
 .bss           0x00000000080986a8        0x0 c:/altera/15.0/nios2eds/bin/gnu/h-x86_64-mingw32/bin/../lib/gcc/nios2-elf/4.9.1/mno-hw-mul\libgcc.a(floatsidf.o)
 .bss           0x00000000080986a8        0x0 c:/altera/15.0/nios2eds/bin/gnu/h-x86_64-mingw32/bin/../lib/gcc/nios2-elf/4.9.1/mno-hw-mul\libgcc.a(_clzsi2.o)
 .bss           0x00000000080986a8        0x0 c:/altera/15.0/nios2eds/bin/gnu/h-x86_64-mingw32/bin/../lib/gcc/nios2-elf/4.9.1/mno-hw-mul\libgcc.a(_clz.o)
 .bss           0x00000000080986a8        0x0 c:/altera/15.0/nios2eds/bin/gnu/h-x86_64-mingw32/bin/../lib/gcc/nios2-elf/4.9.1/../../../../../H-x86_64-mingw32/nios2-elf/lib/mno-hw-mul\libc.a(lib_a-atoi.o)
 .bss           0x00000000080986a8        0x0 c:/altera/15.0/nios2eds/bin/gnu/h-x86_64-mingw32/bin/../lib/gcc/nios2-elf/4.9.1/../../../../../H-x86_64-mingw32/nios2-elf/lib/mno-hw-mul\libc.a(lib_a-malloc.o)
 .bss           0x00000000080986a8       0x28 c:/altera/15.0/nios2eds/bin/gnu/h-x86_64-mingw32/bin/../lib/gcc/nios2-elf/4.9.1/../../../../../H-x86_64-mingw32/nios2-elf/lib/mno-hw-mul\libc.a(lib_a-mallocr.o)
                0x00000000080986a8                __malloc_current_mallinfo
 .bss           0x00000000080986d0        0x0 c:/altera/15.0/nios2eds/bin/gnu/h-x86_64-mingw32/bin/../lib/gcc/nios2-elf/4.9.1/../../../../../H-x86_64-mingw32/nios2-elf/lib/mno-hw-mul\libc.a(lib_a-printf.o)
 .bss           0x00000000080986d0        0x0 c:/altera/15.0/nios2eds/bin/gnu/h-x86_64-mingw32/bin/../lib/gcc/nios2-elf/4.9.1/../../../../../H-x86_64-mingw32/nios2-elf/lib/mno-hw-mul\libc.a(lib_a-putchar.o)
 .bss           0x00000000080986d0        0x0 c:/altera/15.0/nios2eds/bin/gnu/h-x86_64-mingw32/bin/../lib/gcc/nios2-elf/4.9.1/../../../../../H-x86_64-mingw32/nios2-elf/lib/mno-hw-mul\libc.a(lib_a-puts.o)
 .bss           0x00000000080986d0        0x0 c:/altera/15.0/nios2eds/bin/gnu/h-x86_64-mingw32/bin/../lib/gcc/nios2-elf/4.9.1/../../../../../H-x86_64-mingw32/nios2-elf/lib/mno-hw-mul\libc.a(lib_a-rand.o)
 .bss           0x00000000080986d0        0x0 c:/altera/15.0/nios2eds/bin/gnu/h-x86_64-mingw32/bin/../lib/gcc/nios2-elf/4.9.1/../../../../../H-x86_64-mingw32/nios2-elf/lib/mno-hw-mul\libc.a(lib_a-sbrkr.o)
 .bss           0x00000000080986d0        0x0 c:/altera/15.0/nios2eds/bin/gnu/h-x86_64-mingw32/bin/../lib/gcc/nios2-elf/4.9.1/../../../../../H-x86_64-mingw32/nios2-elf/lib/mno-hw-mul\libc.a(lib_a-snprintf.o)
 .bss           0x00000000080986d0        0x0 c:/altera/15.0/nios2eds/bin/gnu/h-x86_64-mingw32/bin/../lib/gcc/nios2-elf/4.9.1/../../../../../H-x86_64-mingw32/nios2-elf/lib/mno-hw-mul\libc.a(lib_a-strlen.o)
 .bss           0x00000000080986d0        0x0 c:/altera/15.0/nios2eds/bin/gnu/h-x86_64-mingw32/bin/../lib/gcc/nios2-elf/4.9.1/../../../../../H-x86_64-mingw32/nios2-elf/lib/mno-hw-mul\libc.a(lib_a-strtol.o)
 .bss           0x00000000080986d0        0x0 c:/altera/15.0/nios2eds/bin/gnu/h-x86_64-mingw32/bin/../lib/gcc/nios2-elf/4.9.1/../../../../../H-x86_64-mingw32/nios2-elf/lib/mno-hw-mul\libc.a(lib_a-svfprintf.o)
 .bss           0x00000000080986d0        0x0 c:/altera/15.0/nios2eds/bin/gnu/h-x86_64-mingw32/bin/../lib/gcc/nios2-elf/4.9.1/../../../../../H-x86_64-mingw32/nios2-elf/lib/mno-hw-mul\libc.a(lib_a-vfprintf.o)
 .bss           0x00000000080986d0        0x0 c:/altera/15.0/nios2eds/bin/gnu/h-x86_64-mingw32/bin/../lib/gcc/nios2-elf/4.9.1/../../../../../H-x86_64-mingw32/nios2-elf/lib/mno-hw-mul\libc.a(lib_a-wsetup.o)
 .bss           0x00000000080986d0        0x0 c:/altera/15.0/nios2eds/bin/gnu/h-x86_64-mingw32/bin/../lib/gcc/nios2-elf/4.9.1/../../../../../H-x86_64-mingw32/nios2-elf/lib/mno-hw-mul\libc.a(lib_a-ctype_.o)
 .bss           0x00000000080986d0        0x0 c:/altera/15.0/nios2eds/bin/gnu/h-x86_64-mingw32/bin/../lib/gcc/nios2-elf/4.9.1/../../../../../H-x86_64-mingw32/nios2-elf/lib/mno-hw-mul\libc.a(lib_a-dtoa.o)
 .bss           0x00000000080986d0        0x0 c:/altera/15.0/nios2eds/bin/gnu/h-x86_64-mingw32/bin/../lib/gcc/nios2-elf/4.9.1/../../../../../H-x86_64-mingw32/nios2-elf/lib/mno-hw-mul\libc.a(lib_a-fflush.o)
 .bss           0x00000000080986d0        0x0 c:/altera/15.0/nios2eds/bin/gnu/h-x86_64-mingw32/bin/../lib/gcc/nios2-elf/4.9.1/../../../../../H-x86_64-mingw32/nios2-elf/lib/mno-hw-mul\libc.a(lib_a-findfp.o)
 .bss           0x00000000080986d0        0x0 c:/altera/15.0/nios2eds/bin/gnu/h-x86_64-mingw32/bin/../lib/gcc/nios2-elf/4.9.1/../../../../../H-x86_64-mingw32/nios2-elf/lib/mno-hw-mul\libc.a(lib_a-freer.o)
 .bss           0x00000000080986d0        0x0 c:/altera/15.0/nios2eds/bin/gnu/h-x86_64-mingw32/bin/../lib/gcc/nios2-elf/4.9.1/../../../../../H-x86_64-mingw32/nios2-elf/lib/mno-hw-mul\libc.a(lib_a-fvwrite.o)
 .bss           0x00000000080986d0        0x0 c:/altera/15.0/nios2eds/bin/gnu/h-x86_64-mingw32/bin/../lib/gcc/nios2-elf/4.9.1/../../../../../H-x86_64-mingw32/nios2-elf/lib/mno-hw-mul\libc.a(lib_a-fwalk.o)
 .bss           0x00000000080986d0        0x0 c:/altera/15.0/nios2eds/bin/gnu/h-x86_64-mingw32/bin/../lib/gcc/nios2-elf/4.9.1/../../../../../H-x86_64-mingw32/nios2-elf/lib/mno-hw-mul\libc.a(lib_a-impure.o)
 .bss           0x00000000080986d0        0x0 c:/altera/15.0/nios2eds/bin/gnu/h-x86_64-mingw32/bin/../lib/gcc/nios2-elf/4.9.1/../../../../../H-x86_64-mingw32/nios2-elf/lib/mno-hw-mul\libc.a(lib_a-int_errno.o)
 .bss           0x00000000080986d0        0x0 c:/altera/15.0/nios2eds/bin/gnu/h-x86_64-mingw32/bin/../lib/gcc/nios2-elf/4.9.1/../../../../../H-x86_64-mingw32/nios2-elf/lib/mno-hw-mul\libc.a(lib_a-locale.o)
 .bss           0x00000000080986d0        0x0 c:/altera/15.0/nios2eds/bin/gnu/h-x86_64-mingw32/bin/../lib/gcc/nios2-elf/4.9.1/../../../../../H-x86_64-mingw32/nios2-elf/lib/mno-hw-mul\libc.a(lib_a-makebuf.o)
 .bss           0x00000000080986d0        0x0 c:/altera/15.0/nios2eds/bin/gnu/h-x86_64-mingw32/bin/../lib/gcc/nios2-elf/4.9.1/../../../../../H-x86_64-mingw32/nios2-elf/lib/mno-hw-mul\libc.a(lib_a-memchr.o)
 .bss           0x00000000080986d0        0x0 c:/altera/15.0/nios2eds/bin/gnu/h-x86_64-mingw32/bin/../lib/gcc/nios2-elf/4.9.1/../../../../../H-x86_64-mingw32/nios2-elf/lib/mno-hw-mul\libc.a(lib_a-memcpy.o)
 .bss           0x00000000080986d0        0x0 c:/altera/15.0/nios2eds/bin/gnu/h-x86_64-mingw32/bin/../lib/gcc/nios2-elf/4.9.1/../../../../../H-x86_64-mingw32/nios2-elf/lib/mno-hw-mul\libc.a(lib_a-memmove.o)
 .bss           0x00000000080986d0        0x0 c:/altera/15.0/nios2eds/bin/gnu/h-x86_64-mingw32/bin/../lib/gcc/nios2-elf/4.9.1/../../../../../H-x86_64-mingw32/nios2-elf/lib/mno-hw-mul\libc.a(lib_a-memset.o)
 .bss           0x00000000080986d0        0x0 c:/altera/15.0/nios2eds/bin/gnu/h-x86_64-mingw32/bin/../lib/gcc/nios2-elf/4.9.1/../../../../../H-x86_64-mingw32/nios2-elf/lib/mno-hw-mul\libc.a(lib_a-mprec.o)
 .bss           0x00000000080986d0        0x0 c:/altera/15.0/nios2eds/bin/gnu/h-x86_64-mingw32/bin/../lib/gcc/nios2-elf/4.9.1/../../../../../H-x86_64-mingw32/nios2-elf/lib/mno-hw-mul\libc.a(lib_a-putc.o)
 .bss           0x00000000080986d0        0x0 c:/altera/15.0/nios2eds/bin/gnu/h-x86_64-mingw32/bin/../lib/gcc/nios2-elf/4.9.1/../../../../../H-x86_64-mingw32/nios2-elf/lib/mno-hw-mul\libc.a(lib_a-reallocr.o)
 .bss           0x00000000080986d0        0x0 c:/altera/15.0/nios2eds/bin/gnu/h-x86_64-mingw32/bin/../lib/gcc/nios2-elf/4.9.1/../../../../../H-x86_64-mingw32/nios2-elf/lib/mno-hw-mul\libc.a(lib_a-s_fpclassify.o)
 .bss           0x00000000080986d0        0x0 c:/altera/15.0/nios2eds/bin/gnu/h-x86_64-mingw32/bin/../lib/gcc/nios2-elf/4.9.1/../../../../../H-x86_64-mingw32/nios2-elf/lib/mno-hw-mul\libc.a(lib_a-stdio.o)
 .bss           0x00000000080986d0        0x0 c:/altera/15.0/nios2eds/bin/gnu/h-x86_64-mingw32/bin/../lib/gcc/nios2-elf/4.9.1/../../../../../H-x86_64-mingw32/nios2-elf/lib/mno-hw-mul\libc.a(lib_a-strcmp.o)
 .bss           0x00000000080986d0        0x0 c:/altera/15.0/nios2eds/bin/gnu/h-x86_64-mingw32/bin/../lib/gcc/nios2-elf/4.9.1/../../../../../H-x86_64-mingw32/nios2-elf/lib/mno-hw-mul\libc.a(lib_a-svfiprintf.o)
 .bss           0x00000000080986d0        0x0 c:/altera/15.0/nios2eds/bin/gnu/h-x86_64-mingw32/bin/../lib/gcc/nios2-elf/4.9.1/../../../../../H-x86_64-mingw32/nios2-elf/lib/mno-hw-mul\libc.a(lib_a-vfiprintf.o)
 .bss           0x00000000080986d0        0x0 c:/altera/15.0/nios2eds/bin/gnu/h-x86_64-mingw32/bin/../lib/gcc/nios2-elf/4.9.1/../../../../../H-x86_64-mingw32/nios2-elf/lib/mno-hw-mul\libc.a(lib_a-wbuf.o)
 .bss           0x00000000080986d0        0x0 c:/altera/15.0/nios2eds/bin/gnu/h-x86_64-mingw32/bin/../lib/gcc/nios2-elf/4.9.1/../../../../../H-x86_64-mingw32/nios2-elf/lib/mno-hw-mul\libc.a(lib_a-writer.o)
 .bss           0x00000000080986d0        0x0 c:/altera/15.0/nios2eds/bin/gnu/h-x86_64-mingw32/bin/../lib/gcc/nios2-elf/4.9.1/../../../../../H-x86_64-mingw32/nios2-elf/lib/mno-hw-mul\libc.a(closer.o)
 .bss           0x00000000080986d0        0x0 c:/altera/15.0/nios2eds/bin/gnu/h-x86_64-mingw32/bin/../lib/gcc/nios2-elf/4.9.1/../../../../../H-x86_64-mingw32/nios2-elf/lib/mno-hw-mul\libc.a(lib_a-callocr.o)
 .bss           0x00000000080986d0        0x0 c:/altera/15.0/nios2eds/bin/gnu/h-x86_64-mingw32/bin/../lib/gcc/nios2-elf/4.9.1/../../../../../H-x86_64-mingw32/nios2-elf/lib/mno-hw-mul\libc.a(lib_a-fclose.o)
 .bss           0x00000000080986d0        0x0 c:/altera/15.0/nios2eds/bin/gnu/h-x86_64-mingw32/bin/../lib/gcc/nios2-elf/4.9.1/../../../../../H-x86_64-mingw32/nios2-elf/lib/mno-hw-mul\libc.a(lib_a-fputwc.o)
 .bss           0x00000000080986d0        0x0 c:/altera/15.0/nios2eds/bin/gnu/h-x86_64-mingw32/bin/../lib/gcc/nios2-elf/4.9.1/../../../../../H-x86_64-mingw32/nios2-elf/lib/mno-hw-mul\libc.a(lib_a-fstatr.o)
 .bss           0x00000000080986d0        0x0 c:/altera/15.0/nios2eds/bin/gnu/h-x86_64-mingw32/bin/../lib/gcc/nios2-elf/4.9.1/../../../../../H-x86_64-mingw32/nios2-elf/lib/mno-hw-mul\libc.a(lib_a-isattyr.o)
 .bss           0x00000000080986d0        0x0 c:/altera/15.0/nios2eds/bin/gnu/h-x86_64-mingw32/bin/../lib/gcc/nios2-elf/4.9.1/../../../../../H-x86_64-mingw32/nios2-elf/lib/mno-hw-mul\libc.a(lib_a-lseekr.o)
 .bss           0x00000000080986d0        0x0 c:/altera/15.0/nios2eds/bin/gnu/h-x86_64-mingw32/bin/../lib/gcc/nios2-elf/4.9.1/../../../../../H-x86_64-mingw32/nios2-elf/lib/mno-hw-mul\libc.a(lib_a-readr.o)
 .bss           0x00000000080986d0        0x0 c:/altera/15.0/nios2eds/bin/gnu/h-x86_64-mingw32/bin/../lib/gcc/nios2-elf/4.9.1/../../../../../H-x86_64-mingw32/nios2-elf/lib/mno-hw-mul\libc.a(lib_a-wcrtomb.o)
 .bss           0x00000000080986d0        0x0 c:/altera/15.0/nios2eds/bin/gnu/h-x86_64-mingw32/bin/../lib/gcc/nios2-elf/4.9.1/../../../../../H-x86_64-mingw32/nios2-elf/lib/mno-hw-mul\libc.a(lib_a-wctomb_r.o)
 .bss           0x00000000080986d0        0x0 c:/altera/15.0/nios2eds/bin/gnu/h-x86_64-mingw32/bin/../lib/gcc/nios2-elf/4.9.1/mno-hw-mul\libgcc.a(_muldi3.o)
 .bss           0x00000000080986d0        0x0 c:/altera/15.0/nios2eds/bin/gnu/h-x86_64-mingw32/bin/../lib/gcc/nios2-elf/4.9.1/mno-hw-mul\libgcc.a(_udivdi3.o)
 .bss           0x00000000080986d0        0x0 c:/altera/15.0/nios2eds/bin/gnu/h-x86_64-mingw32/bin/../lib/gcc/nios2-elf/4.9.1/mno-hw-mul\libgcc.a(_umoddi3.o)
 .bss           0x00000000080986d0        0x0 c:/altera/15.0/nios2eds/bin/gnu/h-x86_64-mingw32/bin/../lib/gcc/nios2-elf/4.9.1/mno-hw-mul\libgcc.a(adddf3.o)
 .bss           0x00000000080986d0        0x0 c:/altera/15.0/nios2eds/bin/gnu/h-x86_64-mingw32/bin/../lib/gcc/nios2-elf/4.9.1/mno-hw-mul\libgcc.a(divdf3.o)
 .bss           0x00000000080986d0        0x0 c:/altera/15.0/nios2eds/bin/gnu/h-x86_64-mingw32/bin/../lib/gcc/nios2-elf/4.9.1/mno-hw-mul\libgcc.a(eqdf2.o)