------------------------------------------------------------
TimeQuest Timing Analyzer Summary
------------------------------------------------------------

Type  : Slow 1100mV 85C Model Setup 'Clock_50Mhz'
Slack : -3.680
TNS   : -157.058

Type  : Slow 1100mV 85C Model Hold 'Clock_50Mhz'
Slack : 0.218
TNS   : 0.000

Type  : Slow 1100mV 85C Model Recovery 'Clock_50Mhz'
Slack : -0.720
TNS   : -60.294

Type  : Slow 1100mV 85C Model Removal 'Clock_50Mhz'
Slack : 0.531
TNS   : 0.000

Type  : Slow 1100mV 85C Model Minimum Pulse Width 'Clock_50Mhz'
Slack : -0.394
TNS   : -77.970

Type  : Slow 1100mV 0C Model Setup 'Clock_50Mhz'
Slack : -3.791
TNS   : -150.031

Type  : Slow 1100mV 0C Model Hold 'Clock_50Mhz'
Slack : 0.281
TNS   : 0.000

Type  : Slow 1100mV 0C Model Recovery 'Clock_50Mhz'
Slack : -0.629
TNS   : -53.842

Type  : Slow 1100mV 0C Model Removal 'Clock_50Mhz'
Slack : 0.527
TNS   : 0.000

Type  : Slow 1100mV 0C Model Minimum Pulse Width 'Clock_50Mhz'
Slack : -0.394
TNS   : -88.029

Type  : Fast 1100mV 85C Model Setup 'Clock_50Mhz'
Slack : -1.494
TNS   : -41.336

Type  : Fast 1100mV 85C Model Hold 'Clock_50Mhz'
Slack : 0.142
TNS   : 0.000

Type  : Fast 1100mV 85C Model Recovery 'Clock_50Mhz'
Slack : -0.036
TNS   : -0.036

Type  : Fast 1100mV 85C Model Removal 'Clock_50Mhz'
Slack : 0.329
TNS   : 0.000

Type  : Fast 1100mV 85C Model Minimum Pulse Width 'Clock_50Mhz'
Slack : -0.076
TNS   : -6.411

Type  : Fast 1100mV 0C Model Setup 'Clock_50Mhz'
Slack : -1.350
TNS   : -32.560

Type  : Fast 1100mV 0C Model Hold 'Clock_50Mhz'
Slack : 0.144
TNS   : 0.000

Type  : Fast 1100mV 0C Model Recovery 'Clock_50Mhz'
Slack : 0.076
TNS   : 0.000

Type  : Fast 1100mV 0C Model Removal 'Clock_50Mhz'
Slack : 0.308
TNS   : 0.000

Type  : Fast 1100mV 0C Model Minimum Pulse Width 'Clock_50Mhz'
Slack : -0.079
TNS   : -9.103

------------------------------------------------------------
